Archive member included to satisfy reference by file (symbol)

../libDaisy//build/libdaisy.a(daisy_seed.o)
                              build/ANGEL_001.o (daisy::DaisySeed::Init(bool))
../libDaisy//build/libdaisy.a(codec_ak4556.o)
                              ../libDaisy//build/libdaisy.a(daisy_seed.o) (daisy::Ak4556::Init(dsy_gpio_pin))
../libDaisy//build/libdaisy.a(codec_wm8731.o)
                              ../libDaisy//build/libdaisy.a(daisy_seed.o) (daisy::Wm8731::Init(daisy::Wm8731::Config const&, daisy::I2CHandle))
../libDaisy//build/libdaisy.a(sdram.o)
                              ../libDaisy//build/libdaisy.a(daisy_seed.o) (SdramHandle::Init())
../libDaisy//build/libdaisy.a(audio.o)
                              ../libDaisy//build/libdaisy.a(daisy_seed.o) (daisy::AudioHandle::Init(daisy::AudioHandle::Config const&, daisy::SaiHandle))
../libDaisy//build/libdaisy.a(logger.o)
                              build/ANGEL_001.o (daisy::Logger<(daisy::LoggerDestination)1>::PrintLine(char const*, ...))
../libDaisy//build/libdaisy.a(usb.o)
                              ../libDaisy//build/libdaisy.a(logger.o) (daisy::UsbHandle::Init(daisy::UsbHandle::UsbPeriph))
../libDaisy//build/libdaisy.a(adc.o)
                              build/ANGEL_001.o (daisy::AdcChannelConfig::InitSingle(dsy_gpio_pin, daisy::AdcChannelConfig::ConversionSpeed))
../libDaisy//build/libdaisy.a(gpio.o)
                              ../libDaisy//build/libdaisy.a(daisy_seed.o) (daisy::GPIO::Init(daisy::Pin, daisy::GPIO::Mode, daisy::GPIO::Pull, daisy::GPIO::Speed))
../libDaisy//build/libdaisy.a(i2c.o)
                              build/msa311.o (daisy::I2CHandle::Init(daisy::I2CHandle::Config const&))
../libDaisy//build/libdaisy.a(qspi.o)
                              ../libDaisy//build/libdaisy.a(daisy_seed.o) (daisy::QSPIHandle::Init(daisy::QSPIHandle::Config const&))
../libDaisy//build/libdaisy.a(sai.o)
                              ../libDaisy//build/libdaisy.a(daisy_seed.o) (daisy::SaiHandle::Init(daisy::SaiHandle::Config const&))
../libDaisy//build/libdaisy.a(system.o)
                              ../libDaisy//build/libdaisy.a(daisy_seed.o) (daisy::System::DeInit())
../libDaisy//build/libdaisy.a(usbd_cdc_if.o)
                              ../libDaisy//build/libdaisy.a(usb.o) (CDC_Transmit_FS)
../libDaisy//build/libdaisy.a(usbd_conf.o)
                              ../libDaisy//build/libdaisy.a(system.o) (hpcd_USB_OTG_HS)
../libDaisy//build/libdaisy.a(usbd_desc.o)
                              ../libDaisy//build/libdaisy.a(usb.o) (HS_Desc)
../libDaisy//build/libdaisy.a(usbh_conf.o)
                              ../libDaisy//build/libdaisy.a(system.o) (hhcd_USB_OTG_HS)
../libDaisy//build/libdaisy.a(hal_map.o)
                              ../libDaisy//build/libdaisy.a(gpio.o) (dsy_hal_map_get_port)
../libDaisy//build/libdaisy.a(stm32h7xx_hal.o)
                              ../libDaisy//build/libdaisy.a(system.o) (HAL_Init)
../libDaisy//build/libdaisy.a(stm32h7xx_hal_adc.o)
                              ../libDaisy//build/libdaisy.a(adc.o) (HAL_ADC_ConfigChannel)
../libDaisy//build/libdaisy.a(stm32h7xx_hal_adc_ex.o)
                              ../libDaisy//build/libdaisy.a(adc.o) (HAL_ADCEx_Calibration_Start)
../libDaisy//build/libdaisy.a(stm32h7xx_hal_cortex.o)
                              ../libDaisy//build/libdaisy.a(stm32h7xx_hal.o) (HAL_NVIC_SetPriorityGrouping)
../libDaisy//build/libdaisy.a(stm32h7xx_hal_dma.o)
                              ../libDaisy//build/libdaisy.a(adc.o) (HAL_DMA_Init)
../libDaisy//build/libdaisy.a(stm32h7xx_hal_gpio.o)
                              ../libDaisy//build/libdaisy.a(sdram.o) (HAL_GPIO_Init)
../libDaisy//build/libdaisy.a(stm32h7xx_hal_hcd.o)
                              ../libDaisy//build/libdaisy.a(usbh_conf.o) (HAL_HCD_HC_Init)
../libDaisy//build/libdaisy.a(stm32h7xx_hal_i2c.o)
                              ../libDaisy//build/libdaisy.a(i2c.o) (HAL_I2C_Init)
../libDaisy//build/libdaisy.a(stm32h7xx_hal_i2c_ex.o)
                              ../libDaisy//build/libdaisy.a(i2c.o) (HAL_I2CEx_ConfigAnalogFilter)
../libDaisy//build/libdaisy.a(stm32h7xx_hal_pcd.o)
                              ../libDaisy//build/libdaisy.a(usbd_conf.o) (HAL_PCD_Init)
../libDaisy//build/libdaisy.a(stm32h7xx_hal_pcd_ex.o)
                              ../libDaisy//build/libdaisy.a(usbd_conf.o) (HAL_PCDEx_SetTxFiFo)
../libDaisy//build/libdaisy.a(stm32h7xx_hal_pwr_ex.o)
                              ../libDaisy//build/libdaisy.a(system.o) (HAL_PWREx_ConfigSupply)
../libDaisy//build/libdaisy.a(stm32h7xx_hal_qspi.o)
                              ../libDaisy//build/libdaisy.a(qspi.o) (HAL_QSPI_Init)
../libDaisy//build/libdaisy.a(stm32h7xx_hal_rcc.o)
                              ../libDaisy//build/libdaisy.a(system.o) (HAL_RCC_OscConfig)
../libDaisy//build/libdaisy.a(stm32h7xx_hal_rcc_ex.o)
                              ../libDaisy//build/libdaisy.a(system.o) (HAL_RCCEx_PeriphCLKConfig)
[...]
Memory Configuration

Name             Origin             Length             Attributes
FLASH            0x0000000008000000 0x0000000000020000 xr
DTCMRAM          0x0000000020000000 0x0000000000020000 xrw
SRAM             0x0000000024000000 0x0000000000078000 xrw
RAM_D2_DMA       0x0000000030000000 0x0000000000008000 xrw
RAM_D2           0x0000000030008000 0x0000000000040000 xrw
RAM_D3           0x0000000038000000 0x0000000000010000 xrw
BACKUP_SRAM      0x0000000038800000 0x0000000000001000 xrw
ITCMRAM          0x0000000000000000 0x0000000000010000 xrw
SDRAM            0x00000000c0000000 0x0000000004000000 xrw
QSPIFLASH        0x0000000090040000 0x00000000007c0000 xr
*default*        0x0000000000000000 0xffffffffffffffff

Linker script and memory map

LOAD /Library/DaisyToolchain/0.2.0/arm/bin/../lib/gcc/arm-none-eabi/10.3.1/thumb/v7e-m+dp/hard/crti.o
LOAD /Library/DaisyToolchain/0.2.0/arm/bin/../lib/gcc/arm-none-eabi/10.3.1/thumb/v7e-m+dp/hard/crtbegin.o
LOAD /Library/DaisyToolchain/0.2.0/arm/bin/../lib/gcc/arm-none-eabi/10.3.1/../../../../arm-none-eabi/lib/thumb/v7e-m+dp/hard/crt0.o
LOAD build/startup_stm32h750xx.o
LOAD build/ANGEL_001.o
LOAD build/msa311.o
LOAD ../libDaisy//build/libdaisy.a
LOAD /Library/DaisyToolchain/0.2.0/arm/bin/../lib/gcc/arm-none-eabi/10.3.1/../../../../arm-none-eabi/lib/thumb/v7e-m+dp/hard/libnosys.a
LOAD ../DaisySP//build/libdaisysp.a
LOAD /Library/DaisyToolchain/0.2.0/arm/bin/../lib/gcc/arm-none-eabi/10.3.1/../../../../arm-none-eabi/lib/thumb/v7e-m+dp/hard/libstdc++_nano.a
LOAD /Library/DaisyToolchain/0.2.0/arm/bin/../lib/gcc/arm-none-eabi/10.3.1/../../../../arm-none-eabi/lib/thumb/v7e-m+dp/hard/libm.a
LOAD /Library/DaisyToolchain/0.2.0/arm/bin/../lib/gcc/arm-none-eabi/10.3.1/../../../../arm-none-eabi/lib/thumb/v7e-m+dp/hard/libc_nano.a
START GROUP
LOAD /Library/DaisyToolchain/0.2.0/arm/bin/../lib/gcc/arm-none-eabi/10.3.1/thumb/v7e-m+dp/hard/libgcc.a
LOAD /Library/DaisyToolchain/0.2.0/arm/bin/../lib/gcc/arm-none-eabi/10.3.1/../../../../arm-none-eabi/lib/thumb/v7e-m+dp/hard/libc_nano.a
END GROUP
START GROUP
LOAD /Library/DaisyToolchain/0.2.0/arm/bin/../lib/gcc/arm-none-eabi/10.3.1/thumb/v7e-m+dp/hard/libgcc.a
LOAD /Library/DaisyToolchain/0.2.0/arm/bin/../lib/gcc/arm-none-eabi/10.3.1/../../../../arm-none-eabi/lib/thumb/v7e-m+dp/hard/libc_nano.a
LOAD /Library/DaisyToolchain/0.2.0/arm/bin/../lib/gcc/arm-none-eabi/10.3.1/../../../../arm-none-eabi/lib/thumb/v7e-m+dp/hard/libnosys.a
END GROUP
START GROUP
LOAD /Library/DaisyToolchain/0.2.0/arm/bin/../lib/gcc/arm-none-eabi/10.3.1/thumb/v7e-m+dp/hard/libgcc.a
LOAD /Library/DaisyToolchain/0.2.0/arm/bin/../lib/gcc/arm-none-eabi/10.3.1/../../../../arm-none-eabi/lib/thumb/v7e-m+dp/hard/libc_nano.a
LOAD /Library/DaisyToolchain/0.2.0/arm/bin/../lib/gcc/arm-none-eabi/10.3.1/../../../../arm-none-eabi/lib/thumb/v7e-m+dp/hard/libnosys.a
END GROUP
LOAD /Library/DaisyToolchain/0.2.0/arm/bin/../lib/gcc/arm-none-eabi/10.3.1/thumb/v7e-m+dp/hard/crtend.o
LOAD /Library/DaisyToolchain/0.2.0/arm/bin/../lib/gcc/arm-none-eabi/10.3.1/thumb/v7e-m+dp/hard/crtn.o
                0x0000000020020000                _estack = 0x20020000

.isr_vector     0x0000000024000000      0x298
                0x0000000024000000                . = ALIGN (0x4)
 *(.isr_vector)
 .isr_vector    0x0000000024000000      0x298 build/startup_stm32h750xx.o
                0x0000000024000000                g_pfnVectors
                0x0000000024000298                . = ALIGN (0x4)

.text           0x00000000240002a0    0x144cc
                0x00000000240002a0                . = ALIGN (0x4)
                0x00000000240002a0                _stext = .
 *(.text)
 .text          0x00000000240002a0       0x40 /Library/DaisyToolchain/0.2.0/arm/bin/../lib/gcc/arm-none-eabi/10.3.1/thumb/v7e-m+dp/hard/crtbegin.o
 .text          0x00000000240002e0       0x10 /Library/DaisyToolchain/0.2.0/arm/bin/../lib/gcc/arm-none-eabi/10.3.1/../../../../arm-none-eabi/lib/thumb/v7e-m+dp/hard/libc_nano.a(lib_a-strlen.o)
                0x00000000240002e0                strlen
 .text          0x00000000240002f0       0xa0 /Library/DaisyToolchain/0.2.0/arm/bin/../lib/gcc/arm-none-eabi/10.3.1/../../../../arm-none-eabi/lib/thumb/v7e-m+dp/hard/libc_nano.a(lib_a-memchr.o)
                0x00000000240002f0                memchr
 .text          0x0000000024000390       0x30 /Library/DaisyToolchain/0.2.0/arm/bin/../lib/gcc/arm-none-eabi/10.3.1/thumb/v7e-m+dp/hard/libgcc.a(_aeabi_uldivmod.o)
                0x0000000024000390                __aeabi_uldivmod
 .text          0x00000000240003c0      0x2d0 /Library/DaisyToolchain/0.2.0/arm/bin/../lib/gcc/arm-none-eabi/10.3.1/thumb/v7e-m+dp/hard/libgcc.a(_udivmoddi4.o)
                0x00000000240003c0                __udivmoddi4
 .text          0x0000000024000690        0x4 /Library/DaisyToolchain/0.2.0/arm/bin/../lib/gcc/arm-none-eabi/10.3.1/thumb/v7e-m+dp/hard/libgcc.a(_dvmd_tls.o)
                0x0000000024000690                __aeabi_ldiv0
                0x0000000024000690                __aeabi_idiv0
 *(.text*)
 .text.Default_Handler
                0x0000000024000694        0x4 build/startup_stm32h750xx.o
                0x0000000024000694                SAI1_IRQHandler
                0x0000000024000694                HASH_RNG_IRQHandler
                0x0000000024000694                EXTI2_IRQHandler
                0x0000000024000694                TIM8_CC_IRQHandler
                0x0000000024000694                HRTIM1_Master_IRQHandler
                0x0000000024000694                DebugMon_Handler
                0x0000000024000694                TIM1_CC_IRQHandler
                0x0000000024000694                BDMA_Channel6_IRQHandler
                0x0000000024000694                DMA2_Stream5_IRQHandler
                0x0000000024000694                HRTIM1_FLT_IRQHandler
                0x0000000024000694                JPEG_IRQHandler
                0x0000000024000694                BDMA_Channel1_IRQHandler
                0x0000000024000694                HRTIM1_TIMD_IRQHandler
                0x0000000024000694                TAMP_STAMP_IRQHandler
                0x0000000024000694                PendSV_Handler
                0x0000000024000694                NMI_Handler
                0x0000000024000694                EXTI3_IRQHandler
                0x0000000024000694                LPTIM4_IRQHandler
                0x0000000024000694                TIM8_TRG_COM_TIM14_IRQHandler
                0x0000000024000694                LPTIM2_IRQHandler
                0x0000000024000694                DFSDM1_FLT1_IRQHandler
                0x0000000024000694                DMAMUX2_OVR_IRQHandler
                0x0000000024000694                TIM8_UP_TIM13_IRQHandler
                0x0000000024000694                I2C3_ER_IRQHandler
                0x0000000024000694                DFSDM1_FLT2_IRQHandler
                0x0000000024000694                MDMA_IRQHandler
                0x0000000024000694                LPTIM3_IRQHandler
                0x0000000024000694                HSEM1_IRQHandler
                0x0000000024000694                EXTI0_IRQHandler
                0x0000000024000694                FPU_IRQHandler
                0x0000000024000694                OTG_HS_WKUP_IRQHandler
                0x0000000024000694                FDCAN1_IT1_IRQHandler
                0x0000000024000694                UsageFault_Handler
                0x0000000024000694                LTDC_ER_IRQHandler
                0x0000000024000694                HRTIM1_TIME_IRQHandler
                0x0000000024000694                TIM6_DAC_IRQHandler
                0x0000000024000694                DCMI_IRQHandler
                0x0000000024000694                HRTIM1_TIMC_IRQHandler
                0x0000000024000694                SAI2_IRQHandler
                0x0000000024000694                DFSDM1_FLT3_IRQHandler
                0x0000000024000694                TIM17_IRQHandler
                0x0000000024000694                CRYP_IRQHandler
                0x0000000024000694                BDMA_Channel7_IRQHandler
                0x0000000024000694                LPTIM5_IRQHandler
                0x0000000024000694                ADC3_IRQHandler
                0x0000000024000694                DMA2_Stream0_IRQHandler
                0x0000000024000694                BDMA_Channel2_IRQHandler
                0x0000000024000694                DMAMUX1_OVR_IRQHandler
                0x0000000024000694                TIM16_IRQHandler
                0x0000000024000694                BDMA_Channel5_IRQHandler
                0x0000000024000694                RCC_IRQHandler
                0x0000000024000694                TIM8_BRK_TIM12_IRQHandler
                0x0000000024000694                TIM1_TRG_COM_IRQHandler
                0x0000000024000694                Default_Handler
                0x0000000024000694                ECC_IRQHandler
                0x0000000024000694                CEC_IRQHandler
                0x0000000024000694                EXTI15_10_IRQHandler
                0x0000000024000694                BDMA_Channel0_IRQHandler
                0x0000000024000694                ADC_IRQHandler
                0x0000000024000694                DMA1_Stream7_IRQHandler
                0x0000000024000694                HRTIM1_TIMA_IRQHandler
                0x0000000024000694                TIM7_IRQHandler
                0x0000000024000694                SDMMC1_IRQHandler
                0x0000000024000694                DMA2_Stream7_IRQHandler
                0x0000000024000694                TIM15_IRQHandler
                0x0000000024000694                PVD_AVD_IRQHandler
                0x0000000024000694                EXTI9_5_IRQHandler
                0x0000000024000694                RTC_WKUP_IRQHandler
                0x0000000024000694                LTDC_IRQHandler
                0x0000000024000694                SAI3_IRQHandler
                0x0000000024000694                ETH_WKUP_IRQHandler
                0x0000000024000694                SPDIF_RX_IRQHandler
                0x0000000024000694                MemManage_Handler
                0x0000000024000694                SVC_Handler
                0x0000000024000694                CRS_IRQHandler
                0x0000000024000694                EXTI4_IRQHandler
                0x0000000024000694                HRTIM1_TIMB_IRQHandler
                0x0000000024000694                FDCAN2_IT1_IRQHandler
                0x0000000024000694                ETH_IRQHandler
                0x0000000024000694                TIM1_UP_IRQHandler
                0x0000000024000694                BDMA_Channel4_IRQHandler
                0x0000000024000694                WWDG_IRQHandler
                0x0000000024000694                SPI6_IRQHandler
                0x0000000024000694                I2C4_EV_IRQHandler
                0x0000000024000694                MDIOS_IRQHandler
                0x0000000024000694                FDCAN2_IT0_IRQHandler
                0x0000000024000694                FDCAN1_IT0_IRQHandler
                0x0000000024000694                OTG_FS_WKUP_IRQHandler
                0x0000000024000694                DMA2D_IRQHandler
                0x0000000024000694                TIM1_BRK_IRQHandler
                0x0000000024000694                EXTI1_IRQHandler
                0x0000000024000694                SDMMC2_IRQHandler
                0x0000000024000694                BDMA_Channel3_IRQHandler
                0x0000000024000694                MDIOS_WKUP_IRQHandler
                0x0000000024000694                DFSDM1_FLT0_IRQHandler
                0x0000000024000694                SAI4_IRQHandler
                0x0000000024000694                I2C2_ER_IRQHandler
                0x0000000024000694                DMA2_Stream1_IRQHandler
                0x0000000024000694                FLASH_IRQHandler
                0x0000000024000694                BusFault_Handler
                0x0000000024000694                WAKEUP_PIN_IRQHandler
                0x0000000024000694                I2C1_ER_IRQHandler
                0x0000000024000694                FMC_IRQHandler
                0x0000000024000694                FDCAN_CAL_IRQHandler
                0x0000000024000694                SWPMI1_IRQHandler
                0x0000000024000694                COMP1_IRQHandler
                0x0000000024000694                LPTIM1_IRQHandler
                0x0000000024000694                I2C4_ER_IRQHandler
                0x0000000024000694                DMA2_Stream6_IRQHandler
                0x0000000024000694                RTC_Alarm_IRQHandler
 .text.Reset_Handler
                0x0000000024000698       0x40 build/startup_stm32h750xx.o
                0x0000000024000698                Reset_Handler
 .text._ZN5daisy9DaisySeedD2Ev
                0x00000000240006d8        0x4 build/ANGEL_001.o
                0x00000000240006d8                daisy::DaisySeed::~DaisySeed()
                0x00000000240006d8                daisy::DaisySeed::~DaisySeed()
 .text.startup.main
                0x00000000240006dc      0x104 build/ANGEL_001.o
                0x00000000240006dc                main
 .text.startup._GLOBAL__sub_I_hw
                0x00000000240007e0       0x20 build/ANGEL_001.o
 .text._ZN6MSA3114InitEv
                0x0000000024000800       0xb0 build/msa311.o
                0x0000000024000800                MSA311::Init()
 .text._ZN6MSA3116UpdateEv
                0x00000000240008b0       0xc4 build/msa311.o
                0x00000000240008b0                MSA311::Update()
 .text._ZN5daisy9DaisySeed17CheckBoardVersionEv
                0x0000000024000974       0x6c ../libDaisy//build/libdaisy.a(daisy_seed.o)
                0x0000000024000974                daisy::DaisySeed::CheckBoardVersion()
 .text._ZN5daisy9DaisySeed14ConfigureAudioEv
                0x00000000240009e0      0x10c ../libDaisy//build/libdaisy.a(daisy_seed.o)
                0x00000000240009e0                daisy::DaisySeed::ConfigureAudio()
 .text._ZN5daisy9DaisySeed4InitEb
                0x0000000024000aec      0x108 ../libDaisy//build/libdaisy.a(daisy_seed.o)
                0x0000000024000aec                daisy::DaisySeed::Init(bool)
 .text._ZN5daisy6Ak45564InitE12dsy_gpio_pin
                0x0000000024000bf4       0x44 ../libDaisy//build/libdaisy.a(codec_ak4556.o)
                0x0000000024000bf4                daisy::Ak4556::Init(dsy_gpio_pin)
 .text._ZN5daisy6Wm873120WriteControlRegisterEht
                0x0000000024000c38       0x3c ../libDaisy//build/libdaisy.a(codec_wm8731.o)
                0x0000000024000c38                daisy::Wm8731::WriteControlRegister(unsigned char, unsigned short)
 .text._ZN5daisy6Wm87314InitERKNS0_6ConfigENS_9I2CHandleE
                0x0000000024000c74      0x1bc ../libDaisy//build/libdaisy.a(codec_wm8731.o)
                0x0000000024000c74                daisy::Wm8731::Init(daisy::Wm8731::Config const&, daisy::I2CHandle)
 .text._ZN11SdramHandle10DeviceInitEv
                0x0000000024000e30       0x98 ../libDaisy//build/libdaisy.a(sdram.o)
                0x0000000024000e30                SdramHandle::DeviceInit()
 .text._ZN11SdramHandle4InitEv
                0x0000000024000ec8       0x7c ../libDaisy//build/libdaisy.a(sdram.o)
                0x0000000024000ec8                SdramHandle::Init()
 .text.HAL_SDRAM_MspInit
                0x0000000024000f44      0x1a8 ../libDaisy//build/libdaisy.a(sdram.o)
                0x0000000024000f44                HAL_SDRAM_MspInit
 .text._ZN5daisy11AudioHandle4InitERKNS0_6ConfigENS_9SaiHandleE
                0x00000000240010ec       0x70 ../libDaisy//build/libdaisy.a(audio.o)
                0x00000000240010ec                daisy::AudioHandle::Init(daisy::AudioHandle::Config const&, daisy::SaiHandle)
 .text._ZNK5daisy11AudioHandle9GetConfigEv
                0x000000002400115c        0x8 ../libDaisy//build/libdaisy.a(audio.o)
                0x000000002400115c                daisy::AudioHandle::GetConfig() const
 .text._ZN5daisy11AudioHandle13GetSampleRateEv
                0x0000000024001164        0x8 ../libDaisy//build/libdaisy.a(audio.o)
                0x0000000024001164                daisy::AudioHandle::GetSampleRate()
 .text.startup._GLOBAL__sub_I__ZN5daisy11AudioHandle4Impl4InitENS0_6ConfigENS_9SaiHandleE
                0x000000002400116c       0x24 ../libDaisy//build/libdaisy.a(audio.o)
 .text._ZN5daisy9UsbHandleD2Ev
                0x0000000024001190        0x4 ../libDaisy//build/libdaisy.a(logger.o)
                0x0000000024001190                daisy::UsbHandle::~UsbHandle()
                0x0000000024001190                daisy::UsbHandle::~UsbHandle()
 .text._ZN5daisy6LoggerILNS_17LoggerDestinationE1EE11TransmitBufEv
                0x0000000024001194       0x60 ../libDaisy//build/libdaisy.a(logger.o)
                0x0000000024001194                daisy::Logger<(daisy::LoggerDestination)1>::TransmitBuf()
 .text._ZN5daisy6LoggerILNS_17LoggerDestinationE1EE13AppendNewLineEv
                0x00000000240011f4       0x60 ../libDaisy//build/libdaisy.a(logger.o)
                0x00000000240011f4                daisy::Logger<(daisy::LoggerDestination)1>::AppendNewLine()
 .text._ZN5daisy6LoggerILNS_17LoggerDestinationE1EE10PrintLineVEPKcSt9__va_list
                0x0000000024001254       0x30 ../libDaisy//build/libdaisy.a(logger.o)
                0x0000000024001254                daisy::Logger<(daisy::LoggerDestination)1>::PrintLineV(char const*, std::__va_list)
 .text._ZN5daisy6LoggerILNS_17LoggerDestinationE1EE9PrintLineEPKcz
                0x0000000024001284       0x1c ../libDaisy//build/libdaisy.a(logger.o)
                0x0000000024001284                daisy::Logger<(daisy::LoggerDestination)1>::PrintLine(char const*, ...)
 .text._ZN5daisy6LoggerILNS_17LoggerDestinationE1EE8StartLogEb
                0x00000000240012a0       0x40 ../libDaisy//build/libdaisy.a(logger.o)
                0x00000000240012a0                daisy::Logger<(daisy::LoggerDestination)1>::StartLog(bool)
 .text.startup._GLOBAL__sub_I__ZN5daisy10LoggerImplILNS_17LoggerDestinationE1EE11usb_handle_E
                0x00000000240012e0       0x2c ../libDaisy//build/libdaisy.a(logger.o)
 .text.DummyRxCallback
                0x000000002400130c        0x4 ../libDaisy//build/libdaisy.a(usb.o)
                0x000000002400130c                DummyRxCallback
 .text._ZN5daisy9UsbHandle4InitENS0_9UsbPeriphE
                0x0000000024001310      0x10c ../libDaisy//build/libdaisy.a(usb.o)
                0x0000000024001310                daisy::UsbHandle::Init(daisy::UsbHandle::UsbPeriph)
 .text._ZN5daisy9UsbHandle16TransmitInternalEPhj
                0x000000002400141c       0x14 ../libDaisy//build/libdaisy.a(usb.o)
                0x000000002400141c                daisy::UsbHandle::TransmitInternal(unsigned char*, unsigned int)
 .text.OTG_FS_EP1_OUT_IRQHandler
                0x0000000024001430        0xc ../libDaisy//build/libdaisy.a(usb.o)
                0x0000000024001430                OTG_FS_EP1_OUT_IRQHandler
 .text.OTG_FS_EP1_IN_IRQHandler
                0x000000002400143c        0xc ../libDaisy//build/libdaisy.a(usb.o)
                0x000000002400143c                OTG_FS_EP1_IN_IRQHandler
 .text.OTG_FS_IRQHandler
                0x0000000024001448        0xc ../libDaisy//build/libdaisy.a(usb.o)
                0x0000000024001448                OTG_FS_IRQHandler
 .text._ZN5daisy16AdcChannelConfig10InitSingleE12dsy_gpio_pinNS0_15ConversionSpeedE
                0x0000000024001454       0x28 ../libDaisy//build/libdaisy.a(adc.o)
                0x0000000024001454                daisy::AdcChannelConfig::InitSingle(dsy_gpio_pin, daisy::AdcChannelConfig::ConversionSpeed)
 .text._ZN5daisy9AdcHandle4InitEPNS_16AdcChannelConfigEjNS0_12OverSamplingE
                0x000000002400147c      0x41c ../libDaisy//build/libdaisy.a(adc.o)
                0x000000002400147c                daisy::AdcHandle::Init(daisy::AdcChannelConfig*, unsigned int, daisy::AdcHandle::OverSampling)
 .text._ZN5daisy9AdcHandle5StartEv
                0x0000000024001898       0x2c ../libDaisy//build/libdaisy.a(adc.o)
                0x0000000024001898                daisy::AdcHandle::Start()
 .text.HAL_ADC_MspInit
                0x00000000240018c4       0x98 ../libDaisy//build/libdaisy.a(adc.o)
                0x00000000240018c4                HAL_ADC_MspInit
 .text.DMA1_Stream2_IRQHandler
                0x000000002400195c        0xc ../libDaisy//build/libdaisy.a(adc.o)
                0x000000002400195c                DMA1_Stream2_IRQHandler
 .text.HAL_ADC_ConvCpltCallback
                0x0000000024001968      0x148 ../libDaisy//build/libdaisy.a(adc.o)
                0x0000000024001968                HAL_ADC_ConvCpltCallback
 .text.HAL_ADC_ErrorCallback
                0x0000000024001ab0        0x4 ../libDaisy//build/libdaisy.a(adc.o)
                0x0000000024001ab0                HAL_ADC_ErrorCallback
 .text._ZN5daisy4GPIO4InitENS_3PinENS0_4ModeENS0_4PullENS0_5SpeedE
                0x0000000024001ab4      0x1cc ../libDaisy//build/libdaisy.a(gpio.o)
                0x0000000024001ab4                daisy::GPIO::Init(daisy::Pin, daisy::GPIO::Mode, daisy::GPIO::Pull, daisy::GPIO::Speed)
 .text._ZN5daisy4GPIO4ReadEv
                0x0000000024001c80       0x18 ../libDaisy//build/libdaisy.a(gpio.o)
                0x0000000024001c80                daisy::GPIO::Read()
 .text._ZN5daisy4GPIO5WriteEb
                0x0000000024001c98       0x14 ../libDaisy//build/libdaisy.a(gpio.o)
                0x0000000024001c98                daisy::GPIO::Write(bool)
 .text.dsy_gpio_init
                0x0000000024001cac      0x1b8 ../libDaisy//build/libdaisy.a(gpio.o)
                0x0000000024001cac                dsy_gpio_init
 .text.dsy_gpio_write
                0x0000000024001e64       0x24 ../libDaisy//build/libdaisy.a(gpio.o)
                0x0000000024001e64                dsy_gpio_write
 .text._ZN5daisy9I2CHandle4Impl8InitPinsEv
                0x0000000024001e88       0x58 ../libDaisy//build/libdaisy.a(i2c.o)
                0x0000000024001e88                daisy::I2CHandle::Impl::InitPins()
 .text.HAL_I2C_MspInit
                0x0000000024001ee0      0x1b4 ../libDaisy//build/libdaisy.a(i2c.o)
                0x0000000024001ee0                HAL_I2C_MspInit
 .text.dsy_i2c_global_init
                0x0000000024002094       0x78 ../libDaisy//build/libdaisy.a(i2c.o)
                0x0000000024002094                dsy_i2c_global_init
 .text.DMA1_Stream6_IRQHandler
                0x000000002400210c       0x34 ../libDaisy//build/libdaisy.a(i2c.o)
                0x000000002400210c                DMA1_Stream6_IRQHandler
 .text.I2C1_EV_IRQHandler
                0x0000000024002140        0xc ../libDaisy//build/libdaisy.a(i2c.o)
                0x0000000024002140                I2C1_EV_IRQHandler
 .text.I2C2_EV_IRQHandler
                0x000000002400214c        0xc ../libDaisy//build/libdaisy.a(i2c.o)
                0x000000002400214c                I2C2_EV_IRQHandler
 .text.I2C3_EV_IRQHandler
                0x0000000024002158        0xc ../libDaisy//build/libdaisy.a(i2c.o)
                0x0000000024002158                I2C3_EV_IRQHandler
 .text._ZN5daisy9I2CHandle4InitERKNS0_6ConfigE
                0x0000000024002164      0x12c ../libDaisy//build/libdaisy.a(i2c.o)
                0x0000000024002164                daisy::I2CHandle::Init(daisy::I2CHandle::Config const&)
 .text._ZN5daisy9I2CHandle16TransmitBlockingEtPhtm
                0x0000000024002290       0x50 ../libDaisy//build/libdaisy.a(i2c.o)
                0x0000000024002290                daisy::I2CHandle::TransmitBlocking(unsigned short, unsigned char*, unsigned short, unsigned long)
 .text._ZN5daisy9I2CHandle15ReceiveBlockingEtPhtm
                0x00000000240022e0       0x50 ../libDaisy//build/libdaisy.a(i2c.o)
                0x00000000240022e0                daisy::I2CHandle::ReceiveBlocking(unsigned short, unsigned char*, unsigned short, unsigned long)
 .text.startup._GLOBAL__sub_I__ZN5daisy9I2CHandle4Impl10GlobalInitEv
                0x0000000024002330       0x18 ../libDaisy//build/libdaisy.a(i2c.o)
 .text._ZN5daisy10QSPIHandle4Impl11WriteEnableEv
                0x0000000024002348       0x8c ../libDaisy//build/libdaisy.a(qspi.o)
                0x0000000024002348                daisy::QSPIHandle::Impl::WriteEnable()
 *fill*         0x00000000240023d4        0x4 
 .text._ZN5daisy10QSPIHandle4Impl17DummyCyclesConfigENS0_6Config6DeviceE
                0x00000000240023d8      0x118 ../libDaisy//build/libdaisy.a(qspi.o)
                0x00000000240023d8                daisy::QSPIHandle::Impl::DummyCyclesConfig(daisy::QSPIHandle::Config::Device)
 .text._ZN5daisy10QSPIHandle4Impl10QuadEnableEv
                0x00000000240024f0      0x158 ../libDaisy//build/libdaisy.a(qspi.o)
                0x00000000240024f0                daisy::QSPIHandle::Impl::QuadEnable()
 .text._ZN5daisy10QSPIHandle4InitERKNS0_6ConfigE
                0x0000000024002648      0x198 ../libDaisy//build/libdaisy.a(qspi.o)
                0x0000000024002648                daisy::QSPIHandle::Init(daisy::QSPIHandle::Config const&)
 .text.HAL_QSPI_MspInit
                0x00000000240027e0      0x11c ../libDaisy//build/libdaisy.a(qspi.o)
                0x00000000240027e0                HAL_QSPI_MspInit
 .text.HAL_QSPI_MspDeInit
                0x00000000240028fc       0x54 ../libDaisy//build/libdaisy.a(qspi.o)
                0x00000000240028fc                HAL_QSPI_MspDeInit
 .text.QUADSPI_IRQHandler
                0x0000000024002950        0xc ../libDaisy//build/libdaisy.a(qspi.o)
                0x0000000024002950                QUADSPI_IRQHandler
 .text.startup._GLOBAL__sub_I__ZN5daisy10QSPIHandle4Impl4InitERKNS0_6ConfigE
                0x000000002400295c       0x28 ../libDaisy//build/libdaisy.a(qspi.o)
 .text._ZN5daisy9SaiHandle4Impl7InitDmaENS1_15PeripheralBlockE
                0x0000000024002984       0xa0 ../libDaisy//build/libdaisy.a(sai.o)
                0x0000000024002984                daisy::SaiHandle::Impl::InitDma(daisy::SaiHandle::Impl::PeripheralBlock)
 .text._ZN5daisy9SaiHandle4Impl8InitPinsEv
                0x0000000024002a24       0xa8 ../libDaisy//build/libdaisy.a(sai.o)
                0x0000000024002a24                daisy::SaiHandle::Impl::InitPins()
 .text.HAL_SAI_MspInit
                0x0000000024002acc      0x164 ../libDaisy//build/libdaisy.a(sai.o)
                0x0000000024002acc                HAL_SAI_MspInit
 .text.DMA1_Stream0_IRQHandler
                0x0000000024002c30        0xc ../libDaisy//build/libdaisy.a(sai.o)
                0x0000000024002c30                DMA1_Stream0_IRQHandler
 .text.DMA1_Stream1_IRQHandler
                0x0000000024002c3c        0xc ../libDaisy//build/libdaisy.a(sai.o)
                0x0000000024002c3c                DMA1_Stream1_IRQHandler
 .text.DMA1_Stream3_IRQHandler
                0x0000000024002c48        0xc ../libDaisy//build/libdaisy.a(sai.o)
                0x0000000024002c48                DMA1_Stream3_IRQHandler
 .text.DMA1_Stream4_IRQHandler
                0x0000000024002c54        0xc ../libDaisy//build/libdaisy.a(sai.o)
                0x0000000024002c54                DMA1_Stream4_IRQHandler
 .text._ZN5daisy9SaiHandle4InitERKNS0_6ConfigE
                0x0000000024002c60      0x1f0 ../libDaisy//build/libdaisy.a(sai.o)
                0x0000000024002c60                daisy::SaiHandle::Init(daisy::SaiHandle::Config const&)
 .text._ZNK5daisy9SaiHandle9GetConfigEv
                0x0000000024002e50        0x4 ../libDaisy//build/libdaisy.a(sai.o)
                0x0000000024002e50                daisy::SaiHandle::GetConfig() const
 .text._ZN5daisy9SaiHandle13GetSampleRateEv
                0x0000000024002e54       0x24 ../libDaisy//build/libdaisy.a(sai.o)
                0x0000000024002e54                daisy::SaiHandle::GetSampleRate()
 .text._ZN5daisy11TimerHandleD2Ev
                0x0000000024002e78        0x4 ../libDaisy//build/libdaisy.a(system.o)
                0x0000000024002e78                daisy::TimerHandle::~TimerHandle()
                0x0000000024002e78                daisy::TimerHandle::~TimerHandle()
 .text.SysTick_Handler
                0x0000000024002e7c       0x10 ../libDaisy//build/libdaisy.a(system.o)
                0x0000000024002e7c                SysTick_Handler
 .text.OTG_HS_EP1_OUT_IRQHandler
                0x0000000024002e8c       0x24 ../libDaisy//build/libdaisy.a(system.o)
                0x0000000024002e8c                OTG_HS_EP1_OUT_IRQHandler
 .text.OTG_HS_EP1_IN_IRQHandler
                0x0000000024002eb0       0x24 ../libDaisy//build/libdaisy.a(system.o)
                0x0000000024002eb0                OTG_HS_EP1_IN_IRQHandler
 .text.OTG_HS_IRQHandler
                0x0000000024002ed4       0x24 ../libDaisy//build/libdaisy.a(system.o)
                0x0000000024002ed4                OTG_HS_IRQHandler
 .text.HardFault_Handler
                0x0000000024002ef8       0xe0 ../libDaisy//build/libdaisy.a(system.o)
                0x0000000024002ef8                HardFault_Handler
 .text._ZN5daisy6System5DelayEm
                0x0000000024002fd8        0x4 ../libDaisy//build/libdaisy.a(system.o)
                0x0000000024002fd8                daisy::System::Delay(unsigned long)
 .text._ZN5daisy6System20GetBootloaderVersionEv
                0x0000000024002fdc       0x34 ../libDaisy//build/libdaisy.a(system.o)
                0x0000000024002fdc                daisy::System::GetBootloaderVersion()
 .text._ZN5daisy6System15ConfigureClocksEv
                0x0000000024003010      0x194 ../libDaisy//build/libdaisy.a(system.o)
                0x0000000024003010                daisy::System::ConfigureClocks()
 .text._ZN5daisy6System12ConfigureMpuEv
                0x00000000240031a4       0x7c ../libDaisy//build/libdaisy.a(system.o)
                0x00000000240031a4                daisy::System::ConfigureMpu()
 .text._ZN5daisy6System4InitERKNS0_6ConfigE
                0x0000000024003220       0xec ../libDaisy//build/libdaisy.a(system.o)
                0x0000000024003220                daisy::System::Init(daisy::System::Config const&)
 .text._ZN5daisy6System12GetPClk1FreqEv
                0x000000002400330c        0x4 ../libDaisy//build/libdaisy.a(system.o)
                0x000000002400330c                daisy::System::GetPClk1Freq()
 .text._ZN5daisy6System22GetProgramMemoryRegionEv
                0x0000000024003310       0x78 ../libDaisy//build/libdaisy.a(system.o)
                0x0000000024003310                daisy::System::GetProgramMemoryRegion()
 .text.startup._GLOBAL__sub_I__ZN5daisy9boot_infoE
                0x0000000024003388       0x1c ../libDaisy//build/libdaisy.a(system.o)
 .text.dummy_rx_callback
                0x00000000240033a4        0x4 ../libDaisy//build/libdaisy.a(usbd_cdc_if.o)
                0x00000000240033a4                dummy_rx_callback
 .text.CDC_DeInit_FS
                0x00000000240033a8        0x4 ../libDaisy//build/libdaisy.a(usbd_cdc_if.o)
 .text.CDC_Receive_FS
                0x00000000240033ac       0x2c ../libDaisy//build/libdaisy.a(usbd_cdc_if.o)
 .text.CDC_Receive_HS
                0x00000000240033d8       0x2c ../libDaisy//build/libdaisy.a(usbd_cdc_if.o)
 .text.CDC_Init_FS
                0x0000000024003404       0x3c ../libDaisy//build/libdaisy.a(usbd_cdc_if.o)
 .text.CDC_Init_HS
                0x0000000024003440       0x3c ../libDaisy//build/libdaisy.a(usbd_cdc_if.o)
 .text.CDC_Control_FS
                0x000000002400347c       0x34 ../libDaisy//build/libdaisy.a(usbd_cdc_if.o)
 .text.CDC_Control_HS
                0x00000000240034b0       0x34 ../libDaisy//build/libdaisy.a(usbd_cdc_if.o)
 .text.CDC_DeInit_HS
                0x00000000240034e4        0x4 ../libDaisy//build/libdaisy.a(usbd_cdc_if.o)
 .text.CDC_Transmit_FS
                0x00000000240034e8       0x2c ../libDaisy//build/libdaisy.a(usbd_cdc_if.o)
                0x00000000240034e8                CDC_Transmit_FS
 .text.HAL_PCD_MspInit
                0x0000000024003514      0x144 ../libDaisy//build/libdaisy.a(usbd_conf.o)
                0x0000000024003514                HAL_PCD_MspInit
 .text.HAL_PCD_SetupStageCallback
                0x0000000024003658        0xc ../libDaisy//build/libdaisy.a(usbd_conf.o)
                0x0000000024003658                HAL_PCD_SetupStageCallback
 .text.HAL_PCD_DataOutStageCallback
                0x0000000024003664       0x14 ../libDaisy//build/libdaisy.a(usbd_conf.o)
                0x0000000024003664                HAL_PCD_DataOutStageCallback
 .text.HAL_PCD_DataInStageCallback
                0x0000000024003678       0x14 ../libDaisy//build/libdaisy.a(usbd_conf.o)
                0x0000000024003678                HAL_PCD_DataInStageCallback
 .text.HAL_PCD_SOFCallback
                0x000000002400368c        0x8 ../libDaisy//build/libdaisy.a(usbd_conf.o)
                0x000000002400368c                HAL_PCD_SOFCallback
 .text.HAL_PCD_ResetCallback
                0x0000000024003694       0x24 ../libDaisy//build/libdaisy.a(usbd_conf.o)
                0x0000000024003694                HAL_PCD_ResetCallback
 .text.HAL_PCD_SuspendCallback
                0x00000000240036b8       0x30 ../libDaisy//build/libdaisy.a(usbd_conf.o)
                0x00000000240036b8                HAL_PCD_SuspendCallback
 .text.HAL_PCD_ResumeCallback
                0x00000000240036e8        0x8 ../libDaisy//build/libdaisy.a(usbd_conf.o)
                0x00000000240036e8                HAL_PCD_ResumeCallback
 .text.HAL_PCD_ISOOUTIncompleteCallback
                0x00000000240036f0        0x8 ../libDaisy//build/libdaisy.a(usbd_conf.o)
                0x00000000240036f0                HAL_PCD_ISOOUTIncompleteCallback
 .text.HAL_PCD_ISOINIncompleteCallback
                0x00000000240036f8        0x8 ../libDaisy//build/libdaisy.a(usbd_conf.o)
                0x00000000240036f8                HAL_PCD_ISOINIncompleteCallback
 .text.HAL_PCD_ConnectCallback
                0x0000000024003700        0x8 ../libDaisy//build/libdaisy.a(usbd_conf.o)
                0x0000000024003700                HAL_PCD_ConnectCallback
 .text.HAL_PCD_DisconnectCallback
                0x0000000024003708        0x8 ../libDaisy//build/libdaisy.a(usbd_conf.o)
                0x0000000024003708                HAL_PCD_DisconnectCallback
 .text.USBD_LL_Init
                0x0000000024003710       0xe4 ../libDaisy//build/libdaisy.a(usbd_conf.o)
                0x0000000024003710                USBD_LL_Init
 .text.USBD_LL_Start
                0x00000000240037f4       0x1c ../libDaisy//build/libdaisy.a(usbd_conf.o)
                0x00000000240037f4                USBD_LL_Start
 .text.USBD_LL_OpenEP
                0x0000000024003810       0x24 ../libDaisy//build/libdaisy.a(usbd_conf.o)
                0x0000000024003810                USBD_LL_OpenEP
 .text.USBD_LL_CloseEP
                0x0000000024003834       0x1c ../libDaisy//build/libdaisy.a(usbd_conf.o)
                0x0000000024003834                USBD_LL_CloseEP
 .text.USBD_LL_StallEP
                0x0000000024003850       0x1c ../libDaisy//build/libdaisy.a(usbd_conf.o)
                0x0000000024003850                USBD_LL_StallEP
 .text.USBD_LL_ClearStallEP
                0x000000002400386c       0x1c ../libDaisy//build/libdaisy.a(usbd_conf.o)
                0x000000002400386c                USBD_LL_ClearStallEP
 .text.USBD_LL_IsStallEP
                0x0000000024003888       0x28 ../libDaisy//build/libdaisy.a(usbd_conf.o)
                0x0000000024003888                USBD_LL_IsStallEP
 .text.USBD_LL_SetUSBAddress
                0x00000000240038b0       0x1c ../libDaisy//build/libdaisy.a(usbd_conf.o)
                0x00000000240038b0                USBD_LL_SetUSBAddress
 .text.USBD_LL_Transmit
                0x00000000240038cc       0x1c ../libDaisy//build/libdaisy.a(usbd_conf.o)
                0x00000000240038cc                USBD_LL_Transmit
 .text.USBD_LL_PrepareReceive
                0x00000000240038e8       0x1c ../libDaisy//build/libdaisy.a(usbd_conf.o)
                0x00000000240038e8                USBD_LL_PrepareReceive
 .text.USBD_LL_GetRxDataSize
                0x0000000024003904        0x8 ../libDaisy//build/libdaisy.a(usbd_conf.o)
                0x0000000024003904                USBD_LL_GetRxDataSize
 .text.USBD_HS_DeviceDescriptor
                0x000000002400390c        0xc ../libDaisy//build/libdaisy.a(usbd_desc.o)
                0x000000002400390c                USBD_HS_DeviceDescriptor
 .text.USBD_FS_DeviceDescriptor
                0x0000000024003918        0xc ../libDaisy//build/libdaisy.a(usbd_desc.o)
                0x0000000024003918                USBD_FS_DeviceDescriptor
 .text.USBD_FS_LangIDStrDescriptor
                0x0000000024003924        0xc ../libDaisy//build/libdaisy.a(usbd_desc.o)
                0x0000000024003924                USBD_FS_LangIDStrDescriptor
 .text.USBD_FS_ManufacturerStrDescriptor
                0x0000000024003930       0x1c ../libDaisy//build/libdaisy.a(usbd_desc.o)
                0x0000000024003930                USBD_FS_ManufacturerStrDescriptor
 .text.USBD_HS_ProductStrDescriptor
                0x000000002400394c       0x1c ../libDaisy//build/libdaisy.a(usbd_desc.o)
                0x000000002400394c                USBD_HS_ProductStrDescriptor
 .text.USBD_FS_ConfigStrDescriptor
                0x0000000024003968       0x1c ../libDaisy//build/libdaisy.a(usbd_desc.o)
                0x0000000024003968                USBD_FS_ConfigStrDescriptor
 .text.USBD_FS_InterfaceStrDescriptor
                0x0000000024003984       0x1c ../libDaisy//build/libdaisy.a(usbd_desc.o)
                0x0000000024003984                USBD_FS_InterfaceStrDescriptor
 .text.USBD_FS_ProductStrDescriptor
                0x00000000240039a0       0x1c ../libDaisy//build/libdaisy.a(usbd_desc.o)
                0x00000000240039a0                USBD_FS_ProductStrDescriptor
 .text.USBD_HS_LangIDStrDescriptor
                0x00000000240039bc        0xc ../libDaisy//build/libdaisy.a(usbd_desc.o)
                0x00000000240039bc                USBD_HS_LangIDStrDescriptor
 .text.USBD_HS_ManufacturerStrDescriptor
                0x00000000240039c8       0x1c ../libDaisy//build/libdaisy.a(usbd_desc.o)
                0x00000000240039c8                USBD_HS_ManufacturerStrDescriptor
 .text.USBD_FS_SerialStrDescriptor
                0x00000000240039e4      0x124 ../libDaisy//build/libdaisy.a(usbd_desc.o)
                0x00000000240039e4                USBD_FS_SerialStrDescriptor
 .text.USBD_HS_SerialStrDescriptor
                0x0000000024003b08      0x124 ../libDaisy//build/libdaisy.a(usbd_desc.o)
                0x0000000024003b08                USBD_HS_SerialStrDescriptor
 .text.USBD_HS_InterfaceStrDescriptor
                0x0000000024003c2c       0x1c ../libDaisy//build/libdaisy.a(usbd_desc.o)
                0x0000000024003c2c                USBD_HS_InterfaceStrDescriptor
 .text.USBD_HS_ConfigStrDescriptor
                0x0000000024003c48       0x1c ../libDaisy//build/libdaisy.a(usbd_desc.o)
                0x0000000024003c48                USBD_HS_ConfigStrDescriptor
 .text.HAL_HCD_SOF_Callback
                0x0000000024003c64        0x8 ../libDaisy//build/libdaisy.a(usbh_conf.o)
                0x0000000024003c64                HAL_HCD_SOF_Callback
 .text.HAL_HCD_Connect_Callback
                0x0000000024003c6c        0x8 ../libDaisy//build/libdaisy.a(usbh_conf.o)
                0x0000000024003c6c                HAL_HCD_Connect_Callback
 .text.HAL_HCD_Disconnect_Callback
                0x0000000024003c74        0x8 ../libDaisy//build/libdaisy.a(usbh_conf.o)
                0x0000000024003c74                HAL_HCD_Disconnect_Callback
 .text.HAL_HCD_HC_NotifyURBChange_Callback
                0x0000000024003c7c        0x4 ../libDaisy//build/libdaisy.a(usbh_conf.o)
                0x0000000024003c7c                HAL_HCD_HC_NotifyURBChange_Callback
 .text.HAL_HCD_PortEnabled_Callback
                0x0000000024003c80        0x8 ../libDaisy//build/libdaisy.a(usbh_conf.o)
                0x0000000024003c80                HAL_HCD_PortEnabled_Callback
 .text.HAL_HCD_PortDisabled_Callback
                0x0000000024003c88        0x8 ../libDaisy//build/libdaisy.a(usbh_conf.o)
                0x0000000024003c88                HAL_HCD_PortDisabled_Callback
 .text.USBH_LL_Stop
                0x0000000024003c90       0x1c ../libDaisy//build/libdaisy.a(usbh_conf.o)
                0x0000000024003c90                USBH_LL_Stop
 .text.dsy_hal_map_get_port
                0x0000000024003cac       0x10 ../libDaisy//build/libdaisy.a(hal_map.o)
                0x0000000024003cac                dsy_hal_map_get_port
 .text.dsy_hal_map_get_pin
                0x0000000024003cbc       0x10 ../libDaisy//build/libdaisy.a(hal_map.o)
                0x0000000024003cbc                dsy_hal_map_get_pin
 .text.dsy_hal_map_gpio_clk_enable
                0x0000000024003ccc      0x150 ../libDaisy//build/libdaisy.a(hal_map.o)
                0x0000000024003ccc                dsy_hal_map_gpio_clk_enable
 .text.HAL_MspInit
                0x0000000024003e1c        0x4 ../libDaisy//build/libdaisy.a(stm32h7xx_hal.o)
                0x0000000024003e1c                HAL_MspInit
 .text.HAL_InitTick
                0x0000000024003e20       0x4c ../libDaisy//build/libdaisy.a(stm32h7xx_hal.o)
                0x0000000024003e20                HAL_InitTick
 .text.HAL_Init
                0x0000000024003e6c       0x60 ../libDaisy//build/libdaisy.a(stm32h7xx_hal.o)
                0x0000000024003e6c                HAL_Init
 .text.HAL_IncTick
                0x0000000024003ecc       0x18 ../libDaisy//build/libdaisy.a(stm32h7xx_hal.o)
                0x0000000024003ecc                HAL_IncTick
 .text.HAL_GetTick
                0x0000000024003ee4        0xc ../libDaisy//build/libdaisy.a(stm32h7xx_hal.o)
                0x0000000024003ee4                HAL_GetTick
 .text.HAL_Delay
                0x0000000024003ef0       0x24 ../libDaisy//build/libdaisy.a(stm32h7xx_hal.o)
                0x0000000024003ef0                HAL_Delay
 .text.HAL_GetREVID
                0x0000000024003f14        0xc ../libDaisy//build/libdaisy.a(stm32h7xx_hal.o)
                0x0000000024003f14                HAL_GetREVID
 .text.HAL_ADC_ConvHalfCpltCallback
                0x0000000024003f20        0x4 ../libDaisy//build/libdaisy.a(stm32h7xx_hal_adc.o)
                0x0000000024003f20                HAL_ADC_ConvHalfCpltCallback
 .text.ADC_DMAHalfConvCplt
                0x0000000024003f24        0xc ../libDaisy//build/libdaisy.a(stm32h7xx_hal_adc.o)
                0x0000000024003f24                ADC_DMAHalfConvCplt
 .text.ADC_DMAConvCplt
                0x0000000024003f30       0x6c ../libDaisy//build/libdaisy.a(stm32h7xx_hal_adc.o)
                0x0000000024003f30                ADC_DMAConvCplt
 .text.ADC_DMAError
                0x0000000024003f9c       0x1c ../libDaisy//build/libdaisy.a(stm32h7xx_hal_adc.o)
                0x0000000024003f9c                ADC_DMAError
 .text.HAL_ADC_ConfigChannel
                0x0000000024003fb8      0x3fc ../libDaisy//build/libdaisy.a(stm32h7xx_hal_adc.o)
                0x0000000024003fb8                HAL_ADC_ConfigChannel
 .text.ADC_Enable
                0x00000000240043b4       0xac ../libDaisy//build/libdaisy.a(stm32h7xx_hal_adc.o)
                0x00000000240043b4                ADC_Enable
 .text.HAL_ADC_Start_DMA
                0x0000000024004460      0x114 ../libDaisy//build/libdaisy.a(stm32h7xx_hal_adc.o)
                0x0000000024004460                HAL_ADC_Start_DMA
 .text.ADC_Disable
                0x0000000024004574       0x68 ../libDaisy//build/libdaisy.a(stm32h7xx_hal_adc.o)
                0x0000000024004574                ADC_Disable
 .text.ADC_ConfigureBoostMode
                0x00000000240045dc      0x184 ../libDaisy//build/libdaisy.a(stm32h7xx_hal_adc.o)
                0x00000000240045dc                ADC_ConfigureBoostMode
 .text.HAL_ADC_Init
                0x0000000024004760      0x218 ../libDaisy//build/libdaisy.a(stm32h7xx_hal_adc.o)
                0x0000000024004760                HAL_ADC_Init
 .text.HAL_ADCEx_Calibration_Start
                0x0000000024004978       0xa4 ../libDaisy//build/libdaisy.a(stm32h7xx_hal_adc_ex.o)
                0x0000000024004978                HAL_ADCEx_Calibration_Start
 .text.HAL_ADCEx_MultiModeConfigChannel
                0x0000000024004a1c       0xc4 ../libDaisy//build/libdaisy.a(stm32h7xx_hal_adc_ex.o)
                0x0000000024004a1c                HAL_ADCEx_MultiModeConfigChannel
 .text.HAL_NVIC_SetPriorityGrouping
                0x0000000024004ae0       0x24 ../libDaisy//build/libdaisy.a(stm32h7xx_hal_cortex.o)
                0x0000000024004ae0                HAL_NVIC_SetPriorityGrouping
 .text.HAL_NVIC_SetPriority
                0x0000000024004b04       0x7c ../libDaisy//build/libdaisy.a(stm32h7xx_hal_cortex.o)
                0x0000000024004b04                HAL_NVIC_SetPriority
 .text.HAL_NVIC_EnableIRQ
                0x0000000024004b80       0x1c ../libDaisy//build/libdaisy.a(stm32h7xx_hal_cortex.o)
                0x0000000024004b80                HAL_NVIC_EnableIRQ
 .text.HAL_NVIC_DisableIRQ
                0x0000000024004b9c       0x28 ../libDaisy//build/libdaisy.a(stm32h7xx_hal_cortex.o)
                0x0000000024004b9c                HAL_NVIC_DisableIRQ
 .text.HAL_SYSTICK_Config
                0x0000000024004bc4       0x2c ../libDaisy//build/libdaisy.a(stm32h7xx_hal_cortex.o)
                0x0000000024004bc4                HAL_SYSTICK_Config
 .text.HAL_MPU_Disable
                0x0000000024004bf0       0x1c ../libDaisy//build/libdaisy.a(stm32h7xx_hal_cortex.o)
                0x0000000024004bf0                HAL_MPU_Disable
 .text.HAL_MPU_Enable
                0x0000000024004c0c       0x20 ../libDaisy//build/libdaisy.a(stm32h7xx_hal_cortex.o)
                0x0000000024004c0c                HAL_MPU_Enable
 .text.HAL_MPU_ConfigRegion
                0x0000000024004c2c       0x64 ../libDaisy//build/libdaisy.a(stm32h7xx_hal_cortex.o)
                0x0000000024004c2c                HAL_MPU_ConfigRegion
 .text.HAL_SYSTICK_Callback
                0x0000000024004c90        0x4 ../libDaisy//build/libdaisy.a(stm32h7xx_hal_cortex.o)
                0x0000000024004c90                HAL_SYSTICK_Callback
 .text.HAL_SYSTICK_IRQHandler
                0x0000000024004c94        0x8 ../libDaisy//build/libdaisy.a(stm32h7xx_hal_cortex.o)
                0x0000000024004c94                HAL_SYSTICK_IRQHandler
 .text.DMA_CalcBaseAndBitshift
                0x0000000024004c9c       0xf4 ../libDaisy//build/libdaisy.a(stm32h7xx_hal_dma.o)
 .text.DMA_CalcDMAMUXChannelBaseAndMask
                0x0000000024004d90       0xd8 ../libDaisy//build/libdaisy.a(stm32h7xx_hal_dma.o)
 .text.HAL_DMA_Init
                0x0000000024004e68      0x37c ../libDaisy//build/libdaisy.a(stm32h7xx_hal_dma.o)
                0x0000000024004e68                HAL_DMA_Init
 .text.HAL_DMA_Start_IT
                0x00000000240051e4      0x240 ../libDaisy//build/libdaisy.a(stm32h7xx_hal_dma.o)
                0x00000000240051e4                HAL_DMA_Start_IT
 .text.HAL_DMA_Abort_IT
                0x0000000024005424      0x134 ../libDaisy//build/libdaisy.a(stm32h7xx_hal_dma.o)
                0x0000000024005424                HAL_DMA_Abort_IT
 .text.HAL_DMA_IRQHandler
                0x0000000024005558      0x6a0 ../libDaisy//build/libdaisy.a(stm32h7xx_hal_dma.o)
                0x0000000024005558                HAL_DMA_IRQHandler
 .text.HAL_DMA_GetError
                0x0000000024005bf8        0x4 ../libDaisy//build/libdaisy.a(stm32h7xx_hal_dma.o)
                0x0000000024005bf8                HAL_DMA_GetError
 .text.HAL_GPIO_Init
                0x0000000024005bfc      0x280 ../libDaisy//build/libdaisy.a(stm32h7xx_hal_gpio.o)
                0x0000000024005bfc                HAL_GPIO_Init
 .text.HAL_GPIO_DeInit
                0x0000000024005e7c      0x190 ../libDaisy//build/libdaisy.a(stm32h7xx_hal_gpio.o)
                0x0000000024005e7c                HAL_GPIO_DeInit
 .text.HAL_GPIO_ReadPin
                0x000000002400600c        0xc ../libDaisy//build/libdaisy.a(stm32h7xx_hal_gpio.o)
                0x000000002400600c                HAL_GPIO_ReadPin
 .text.HAL_GPIO_WritePin
                0x0000000024006018        0x8 ../libDaisy//build/libdaisy.a(stm32h7xx_hal_gpio.o)
                0x0000000024006018                HAL_GPIO_WritePin
 .text.HAL_HCD_IRQHandler
                0x0000000024006020      0x780 ../libDaisy//build/libdaisy.a(stm32h7xx_hal_hcd.o)
                0x0000000024006020                HAL_HCD_IRQHandler
 .text.HAL_HCD_Stop
                0x00000000240067a0       0x28 ../libDaisy//build/libdaisy.a(stm32h7xx_hal_hcd.o)
                0x00000000240067a0                HAL_HCD_Stop
 .text.I2C_WaitOnRXNEFlagUntilTimeout
                0x00000000240067c8      0x100 ../libDaisy//build/libdaisy.a(stm32h7xx_hal_i2c.o)
 .text.I2C_WaitOnTXISFlagUntilTimeout
                0x00000000240068c8       0xb8 ../libDaisy//build/libdaisy.a(stm32h7xx_hal_i2c.o)
 .text.I2C_WaitOnSTOPFlagUntilTimeout
                0x0000000024006980       0xac ../libDaisy//build/libdaisy.a(stm32h7xx_hal_i2c.o)
 .text.HAL_I2C_Init
                0x0000000024006a2c       0xac ../libDaisy//build/libdaisy.a(stm32h7xx_hal_i2c.o)
                0x0000000024006a2c                HAL_I2C_Init
 .text.HAL_I2C_Master_Transmit
                0x0000000024006ad8      0x1a8 ../libDaisy//build/libdaisy.a(stm32h7xx_hal_i2c.o)
                0x0000000024006ad8                HAL_I2C_Master_Transmit
 .text.HAL_I2C_Master_Receive
                0x0000000024006c80      0x1ac ../libDaisy//build/libdaisy.a(stm32h7xx_hal_i2c.o)
                0x0000000024006c80                HAL_I2C_Master_Receive
 .text.HAL_I2C_Slave_Transmit
                0x0000000024006e2c      0x1c8 ../libDaisy//build/libdaisy.a(stm32h7xx_hal_i2c.o)
                0x0000000024006e2c                HAL_I2C_Slave_Transmit
 .text.HAL_I2C_Slave_Receive
                0x0000000024006ff4      0x1a4 ../libDaisy//build/libdaisy.a(stm32h7xx_hal_i2c.o)
                0x0000000024006ff4                HAL_I2C_Slave_Receive
 .text.HAL_I2C_EV_IRQHandler
                0x0000000024007198       0x10 ../libDaisy//build/libdaisy.a(stm32h7xx_hal_i2c.o)
                0x0000000024007198                HAL_I2C_EV_IRQHandler
 .text.HAL_I2C_GetState
                0x00000000240071a8        0x8 ../libDaisy//build/libdaisy.a(stm32h7xx_hal_i2c.o)
                0x00000000240071a8                HAL_I2C_GetState
 .text.HAL_I2CEx_ConfigAnalogFilter
                0x00000000240071b0       0x54 ../libDaisy//build/libdaisy.a(stm32h7xx_hal_i2c_ex.o)
                0x00000000240071b0                HAL_I2CEx_ConfigAnalogFilter
 .text.HAL_I2CEx_ConfigDigitalFilter
                0x0000000024007204       0x58 ../libDaisy//build/libdaisy.a(stm32h7xx_hal_i2c_ex.o)
                0x0000000024007204                HAL_I2CEx_ConfigDigitalFilter
 .text.HAL_PCD_Init
                0x000000002400725c      0x12c ../libDaisy//build/libdaisy.a(stm32h7xx_hal_pcd.o)
                0x000000002400725c                HAL_PCD_Init
 .text.HAL_PCD_Start
                0x0000000024007388       0x44 ../libDaisy//build/libdaisy.a(stm32h7xx_hal_pcd.o)
                0x0000000024007388                HAL_PCD_Start
 .text.HAL_PCD_IRQHandler
                0x00000000240073cc      0x69c ../libDaisy//build/libdaisy.a(stm32h7xx_hal_pcd.o)
                0x00000000240073cc                HAL_PCD_IRQHandler
 .text.HAL_PCD_SetAddress
                0x0000000024007a68       0x2c ../libDaisy//build/libdaisy.a(stm32h7xx_hal_pcd.o)
                0x0000000024007a68                HAL_PCD_SetAddress
 .text.HAL_PCD_EP_Open
                0x0000000024007a94       0x7c ../libDaisy//build/libdaisy.a(stm32h7xx_hal_pcd.o)
                0x0000000024007a94                HAL_PCD_EP_Open
 .text.HAL_PCD_EP_Close
                0x0000000024007b10       0x6c ../libDaisy//build/libdaisy.a(stm32h7xx_hal_pcd.o)
                0x0000000024007b10                HAL_PCD_EP_Close
 .text.HAL_PCD_EP_Receive
                0x0000000024007b7c       0x50 ../libDaisy//build/libdaisy.a(stm32h7xx_hal_pcd.o)
                0x0000000024007b7c                HAL_PCD_EP_Receive
 .text.HAL_PCD_EP_GetRxCount
                0x0000000024007bcc       0x14 ../libDaisy//build/libdaisy.a(stm32h7xx_hal_pcd.o)
                0x0000000024007bcc                HAL_PCD_EP_GetRxCount
 .text.HAL_PCD_EP_Transmit
                0x0000000024007be0       0x50 ../libDaisy//build/libdaisy.a(stm32h7xx_hal_pcd.o)
                0x0000000024007be0                HAL_PCD_EP_Transmit
 .text.HAL_PCD_EP_SetStall
                0x0000000024007c30       0x88 ../libDaisy//build/libdaisy.a(stm32h7xx_hal_pcd.o)
                0x0000000024007c30                HAL_PCD_EP_SetStall
 .text.HAL_PCD_EP_ClrStall
                0x0000000024007cb8       0x78 ../libDaisy//build/libdaisy.a(stm32h7xx_hal_pcd.o)
                0x0000000024007cb8                HAL_PCD_EP_ClrStall
 .text.HAL_PCDEx_SetTxFiFo
                0x0000000024007d30       0x54 ../libDaisy//build/libdaisy.a(stm32h7xx_hal_pcd_ex.o)
                0x0000000024007d30                HAL_PCDEx_SetTxFiFo
 .text.HAL_PCDEx_SetRxFiFo
                0x0000000024007d84        0xc ../libDaisy//build/libdaisy.a(stm32h7xx_hal_pcd_ex.o)
                0x0000000024007d84                HAL_PCDEx_SetRxFiFo
 .text.HAL_PCDEx_ActivateLPM
                0x0000000024007d90       0x30 ../libDaisy//build/libdaisy.a(stm32h7xx_hal_pcd_ex.o)
                0x0000000024007d90                HAL_PCDEx_ActivateLPM
 .text.HAL_PCDEx_LPM_Callback
                0x0000000024007dc0        0x4 ../libDaisy//build/libdaisy.a(stm32h7xx_hal_pcd_ex.o)
                0x0000000024007dc0                HAL_PCDEx_LPM_Callback
 .text.HAL_PWREx_ConfigSupply
                0x0000000024007dc4       0x4c ../libDaisy//build/libdaisy.a(stm32h7xx_hal_pwr_ex.o)
                0x0000000024007dc4                HAL_PWREx_ConfigSupply
 .text.HAL_PWREx_EnableUSBVoltageDetector
                0x0000000024007e10       0x10 ../libDaisy//build/libdaisy.a(stm32h7xx_hal_pwr_ex.o)
                0x0000000024007e10                HAL_PWREx_EnableUSBVoltageDetector
 .text.QSPI_Config
                0x0000000024007e20      0x174 ../libDaisy//build/libdaisy.a(stm32h7xx_hal_qspi.o)
 .text.HAL_QSPI_Init
                0x0000000024007f94       0xd8 ../libDaisy//build/libdaisy.a(stm32h7xx_hal_qspi.o)
                0x0000000024007f94                HAL_QSPI_Init
 .text.HAL_QSPI_DeInit
                0x000000002400806c       0x3c ../libDaisy//build/libdaisy.a(stm32h7xx_hal_qspi.o)
                0x000000002400806c                HAL_QSPI_DeInit
 .text.HAL_QSPI_Command
                0x00000000240080a8       0xd4 ../libDaisy//build/libdaisy.a(stm32h7xx_hal_qspi.o)
                0x00000000240080a8                HAL_QSPI_Command
 .text.HAL_QSPI_Transmit
                0x000000002400817c       0xfc ../libDaisy//build/libdaisy.a(stm32h7xx_hal_qspi.o)
                0x000000002400817c                HAL_QSPI_Transmit
 .text.HAL_QSPI_Receive
                0x0000000024008278      0x108 ../libDaisy//build/libdaisy.a(stm32h7xx_hal_qspi.o)
                0x0000000024008278                HAL_QSPI_Receive
 .text.HAL_QSPI_AutoPolling
                0x0000000024008380       0xf0 ../libDaisy//build/libdaisy.a(stm32h7xx_hal_qspi.o)
                0x0000000024008380                HAL_QSPI_AutoPolling
 .text.HAL_QSPI_MemoryMapped
                0x0000000024008470       0xc0 ../libDaisy//build/libdaisy.a(stm32h7xx_hal_qspi.o)
                0x0000000024008470                HAL_QSPI_MemoryMapped
 .text.HAL_QSPI_ErrorCallback
                0x0000000024008530        0x4 ../libDaisy//build/libdaisy.a(stm32h7xx_hal_qspi.o)
                0x0000000024008530                HAL_QSPI_ErrorCallback
 .text.QSPI_DMAAbortCplt
                0x0000000024008534       0x38 ../libDaisy//build/libdaisy.a(stm32h7xx_hal_qspi.o)
 .text.HAL_QSPI_AbortCpltCallback
                0x000000002400856c        0x4 ../libDaisy//build/libdaisy.a(stm32h7xx_hal_qspi.o)
                0x000000002400856c                HAL_QSPI_AbortCpltCallback
 .text.HAL_QSPI_CmdCpltCallback
                0x0000000024008570        0x4 ../libDaisy//build/libdaisy.a(stm32h7xx_hal_qspi.o)
                0x0000000024008570                HAL_QSPI_CmdCpltCallback
 .text.HAL_QSPI_RxCpltCallback
                0x0000000024008574        0x4 ../libDaisy//build/libdaisy.a(stm32h7xx_hal_qspi.o)
                0x0000000024008574                HAL_QSPI_RxCpltCallback
 .text.HAL_QSPI_TxCpltCallback
                0x0000000024008578        0x4 ../libDaisy//build/libdaisy.a(stm32h7xx_hal_qspi.o)
                0x0000000024008578                HAL_QSPI_TxCpltCallback
 .text.HAL_QSPI_FifoThresholdCallback
                0x000000002400857c        0x4 ../libDaisy//build/libdaisy.a(stm32h7xx_hal_qspi.o)
                0x000000002400857c                HAL_QSPI_FifoThresholdCallback
 .text.HAL_QSPI_StatusMatchCallback
                0x0000000024008580        0x4 ../libDaisy//build/libdaisy.a(stm32h7xx_hal_qspi.o)
                0x0000000024008580                HAL_QSPI_StatusMatchCallback
 .text.HAL_QSPI_TimeOutCallback
                0x0000000024008584        0x4 ../libDaisy//build/libdaisy.a(stm32h7xx_hal_qspi.o)
                0x0000000024008584                HAL_QSPI_TimeOutCallback
 .text.HAL_QSPI_IRQHandler
                0x0000000024008588      0x210 ../libDaisy//build/libdaisy.a(stm32h7xx_hal_qspi.o)
                0x0000000024008588                HAL_QSPI_IRQHandler
 .text.HAL_RCC_OscConfig
                0x0000000024008798      0x51c ../libDaisy//build/libdaisy.a(stm32h7xx_hal_rcc.o)
                0x0000000024008798                HAL_RCC_OscConfig
 .text.HAL_RCC_GetSysClockFreq
                0x0000000024008cb4      0x140 ../libDaisy//build/libdaisy.a(stm32h7xx_hal_rcc.o)
                0x0000000024008cb4                HAL_RCC_GetSysClockFreq
 .text.HAL_RCC_ClockConfig
                0x0000000024008df4      0x234 ../libDaisy//build/libdaisy.a(stm32h7xx_hal_rcc.o)
                0x0000000024008df4                HAL_RCC_ClockConfig
 .text.HAL_RCC_GetHCLKFreq
                0x0000000024009028       0x2c ../libDaisy//build/libdaisy.a(stm32h7xx_hal_rcc.o)
                0x0000000024009028                HAL_RCC_GetHCLKFreq
 .text.HAL_RCC_GetPCLK1Freq
                0x0000000024009054       0x38 ../libDaisy//build/libdaisy.a(stm32h7xx_hal_rcc.o)
                0x0000000024009054                HAL_RCC_GetPCLK1Freq
 .text.HAL_RCC_GetPCLK2Freq
                0x000000002400908c       0x38 ../libDaisy//build/libdaisy.a(stm32h7xx_hal_rcc.o)
                0x000000002400908c                HAL_RCC_GetPCLK2Freq
 .text.RCCEx_PLL2_Config
                0x00000000240090c4       0xf4 ../libDaisy//build/libdaisy.a(stm32h7xx_hal_rcc_ex.o)
 .text.RCCEx_PLL3_Config
                0x00000000240091b8       0xf4 ../libDaisy//build/libdaisy.a(stm32h7xx_hal_rcc_ex.o)
 .text.HAL_RCCEx_PeriphCLKConfig
                0x00000000240092ac      0xa7c ../libDaisy//build/libdaisy.a(stm32h7xx_hal_rcc_ex.o)
                0x00000000240092ac                HAL_RCCEx_PeriphCLKConfig
 .text.HAL_RCCEx_GetD3PCLK1Freq
                0x0000000024009d28       0x24 ../libDaisy//build/libdaisy.a(stm32h7xx_hal_rcc_ex.o)
                0x0000000024009d28                HAL_RCCEx_GetD3PCLK1Freq
 .text.HAL_RCCEx_GetPLL2ClockFreq
                0x0000000024009d4c      0x17c ../libDaisy//build/libdaisy.a(stm32h7xx_hal_rcc_ex.o)
                0x0000000024009d4c                HAL_RCCEx_GetPLL2ClockFreq
 .text.HAL_RCCEx_GetPLL3ClockFreq
                0x0000000024009ec8      0x17c ../libDaisy//build/libdaisy.a(stm32h7xx_hal_rcc_ex.o)
                0x0000000024009ec8                HAL_RCCEx_GetPLL3ClockFreq
 .text.HAL_RCCEx_GetPLL1ClockFreq
                0x000000002400a044      0x17c ../libDaisy//build/libdaisy.a(stm32h7xx_hal_rcc_ex.o)
                0x000000002400a044                HAL_RCCEx_GetPLL1ClockFreq
 .text.HAL_RCCEx_GetPeriphCLKFreq
                0x000000002400a1c0      0x198 ../libDaisy//build/libdaisy.a(stm32h7xx_hal_rcc_ex.o)
                0x000000002400a1c0                HAL_RCCEx_GetPeriphCLKFreq
 .text.HAL_RCCEx_GetD1SysClockFreq
                0x000000002400a358       0x2c ../libDaisy//build/libdaisy.a(stm32h7xx_hal_rcc_ex.o)
                0x000000002400a358                HAL_RCCEx_GetD1SysClockFreq
 .text.HAL_SAI_Init.part.0
                0x000000002400a384      0x348 ../libDaisy//build/libdaisy.a(stm32h7xx_hal_sai.o)
 .text.HAL_SAI_InitProtocol
                0x000000002400a6cc      0x178 ../libDaisy//build/libdaisy.a(stm32h7xx_hal_sai.o)
                0x000000002400a6cc                HAL_SAI_InitProtocol
 .text.HAL_SDRAM_Init
                0x000000002400a844       0x54 ../libDaisy//build/libdaisy.a(stm32h7xx_hal_sdram.o)
                0x000000002400a844                HAL_SDRAM_Init
 .text.HAL_SDRAM_SendCommand
                0x000000002400a898       0x40 ../libDaisy//build/libdaisy.a(stm32h7xx_hal_sdram.o)
                0x000000002400a898                HAL_SDRAM_SendCommand
 .text.HAL_SDRAM_ProgramRefreshRate
                0x000000002400a8d8       0x30 ../libDaisy//build/libdaisy.a(stm32h7xx_hal_sdram.o)
                0x000000002400a8d8                HAL_SDRAM_ProgramRefreshRate
 .text.FMC_SDRAM_Init
                0x000000002400a908       0x7c ../libDaisy//build/libdaisy.a(stm32h7xx_ll_fmc.o)
                0x000000002400a908                FMC_SDRAM_Init
 .text.FMC_SDRAM_Timing_Init
                0x000000002400a984       0x98 ../libDaisy//build/libdaisy.a(stm32h7xx_ll_fmc.o)
                0x000000002400a984                FMC_SDRAM_Timing_Init
 .text.FMC_SDRAM_SendCommand
                0x000000002400aa1c       0x28 ../libDaisy//build/libdaisy.a(stm32h7xx_ll_fmc.o)
                0x000000002400aa1c                FMC_SDRAM_SendCommand
 .text.FMC_SDRAM_ProgramRefreshRate
                0x000000002400aa44       0x1c ../libDaisy//build/libdaisy.a(stm32h7xx_ll_fmc.o)
                0x000000002400aa44                FMC_SDRAM_ProgramRefreshRate
 .text.USB_CoreInit
                0x000000002400aa60      0x124 ../libDaisy//build/libdaisy.a(stm32h7xx_ll_usb.o)
                0x000000002400aa60                USB_CoreInit
 .text.USB_SetTurnaroundTime
                0x000000002400ab84      0x104 ../libDaisy//build/libdaisy.a(stm32h7xx_ll_usb.o)
                0x000000002400ab84                USB_SetTurnaroundTime
 .text.USB_EnableGlobalInt
                0x000000002400ac88       0x10 ../libDaisy//build/libdaisy.a(stm32h7xx_ll_usb.o)
                0x000000002400ac88                USB_EnableGlobalInt
 .text.USB_DisableGlobalInt
                0x000000002400ac98       0x10 ../libDaisy//build/libdaisy.a(stm32h7xx_ll_usb.o)
                0x000000002400ac98                USB_DisableGlobalInt
 .text.USB_SetCurrentMode
                0x000000002400aca8       0x30 ../libDaisy//build/libdaisy.a(stm32h7xx_ll_usb.o)
                0x000000002400aca8                USB_SetCurrentMode
 .text.USB_DevInit
                0x000000002400acd8      0x20c ../libDaisy//build/libdaisy.a(stm32h7xx_ll_usb.o)
                0x000000002400acd8                USB_DevInit
 .text.USB_FlushTxFifo
                0x000000002400aee4       0x34 ../libDaisy//build/libdaisy.a(stm32h7xx_ll_usb.o)
                0x000000002400aee4                USB_FlushTxFifo
 .text.USB_GetDevSpeed
                0x000000002400af18       0x24 ../libDaisy//build/libdaisy.a(stm32h7xx_ll_usb.o)
                0x000000002400af18                USB_GetDevSpeed
 .text.USB_ActivateEndpoint
                0x000000002400af3c       0x90 ../libDaisy//build/libdaisy.a(stm32h7xx_ll_usb.o)
                0x000000002400af3c                USB_ActivateEndpoint
 .text.USB_DeactivateEndpoint
                0x000000002400afcc       0x84 ../libDaisy//build/libdaisy.a(stm32h7xx_ll_usb.o)
                0x000000002400afcc                USB_DeactivateEndpoint
 .text.USB_EPStartXfer
                0x000000002400b050      0x230 ../libDaisy//build/libdaisy.a(stm32h7xx_ll_usb.o)
                0x000000002400b050                USB_EPStartXfer
 .text.USB_EP0StartXfer
                0x000000002400b280      0x174 ../libDaisy//build/libdaisy.a(stm32h7xx_ll_usb.o)
                0x000000002400b280                USB_EP0StartXfer
 .text.USB_WritePacket
                0x000000002400b3f4       0x2c ../libDaisy//build/libdaisy.a(stm32h7xx_ll_usb.o)
                0x000000002400b3f4                USB_WritePacket
 .text.USB_ReadPacket
                0x000000002400b420       0x20 ../libDaisy//build/libdaisy.a(stm32h7xx_ll_usb.o)
                0x000000002400b420                USB_ReadPacket
 .text.USB_EPSetStall
                0x000000002400b440       0x68 ../libDaisy//build/libdaisy.a(stm32h7xx_ll_usb.o)
                0x000000002400b440                USB_EPSetStall
 .text.USB_EPClearStall
                0x000000002400b4a8       0x58 ../libDaisy//build/libdaisy.a(stm32h7xx_ll_usb.o)
                0x000000002400b4a8                USB_EPClearStall
 .text.USB_SetDevAddress
                0x000000002400b500       0x24 ../libDaisy//build/libdaisy.a(stm32h7xx_ll_usb.o)
                0x000000002400b500                USB_SetDevAddress
 .text.USB_DevConnect
                0x000000002400b524       0x1c ../libDaisy//build/libdaisy.a(stm32h7xx_ll_usb.o)
                0x000000002400b524                USB_DevConnect
 .text.USB_DevDisconnect
                0x000000002400b540       0x1c ../libDaisy//build/libdaisy.a(stm32h7xx_ll_usb.o)
                0x000000002400b540                USB_DevDisconnect
 .text.USB_ReadInterrupts
                0x000000002400b55c       0x14 ../libDaisy//build/libdaisy.a(stm32h7xx_ll_usb.o)
                0x000000002400b55c                USB_ReadInterrupts
 .text.USB_ReadDevAllOutEpInterrupt
                0x000000002400b570       0x1c ../libDaisy//build/libdaisy.a(stm32h7xx_ll_usb.o)
                0x000000002400b570                USB_ReadDevAllOutEpInterrupt
 .text.USB_ReadDevAllInEpInterrupt
                0x000000002400b58c       0x1c ../libDaisy//build/libdaisy.a(stm32h7xx_ll_usb.o)
                0x000000002400b58c                USB_ReadDevAllInEpInterrupt
 .text.USB_ReadDevOutEPInterrupt
                0x000000002400b5a8       0x1c ../libDaisy//build/libdaisy.a(stm32h7xx_ll_usb.o)
                0x000000002400b5a8                USB_ReadDevOutEPInterrupt
 .text.USB_ReadDevInEPInterrupt
                0x000000002400b5c4       0x38 ../libDaisy//build/libdaisy.a(stm32h7xx_ll_usb.o)
                0x000000002400b5c4                USB_ReadDevInEPInterrupt
 .text.USB_GetMode
                0x000000002400b5fc        0x8 ../libDaisy//build/libdaisy.a(stm32h7xx_ll_usb.o)
                0x000000002400b5fc                USB_GetMode
 .text.USB_ActivateSetup
                0x000000002400b604       0x38 ../libDaisy//build/libdaisy.a(stm32h7xx_ll_usb.o)
                0x000000002400b604                USB_ActivateSetup
 .text.USB_EP0_OutStart
                0x000000002400b63c       0x58 ../libDaisy//build/libdaisy.a(stm32h7xx_ll_usb.o)
                0x000000002400b63c                USB_EP0_OutStart
 .text.USB_InitFSLSPClkSel
                0x000000002400b694       0x44 ../libDaisy//build/libdaisy.a(stm32h7xx_ll_usb.o)
                0x000000002400b694                USB_InitFSLSPClkSel
 .text.USB_HC_ReadInterrupt
                0x000000002400b6d8        0x8 ../libDaisy//build/libdaisy.a(stm32h7xx_ll_usb.o)
                0x000000002400b6d8                USB_HC_ReadInterrupt
 .text.USB_HC_Halt
                0x000000002400b6e0       0xc0 ../libDaisy//build/libdaisy.a(stm32h7xx_ll_usb.o)
                0x000000002400b6e0                USB_HC_Halt
 .text.USB_StopHost
                0x000000002400b7a0      0x2ec ../libDaisy//build/libdaisy.a(stm32h7xx_ll_usb.o)
                0x000000002400b7a0                USB_StopHost
 .text.USBD_CDC_EP0_RxReady
                0x000000002400ba8c       0x2c ../libDaisy//build/libdaisy.a(usbd_cdc.o)
 .text.USBD_CDC_GetFSCfgDesc
                0x000000002400bab8       0x24 ../libDaisy//build/libdaisy.a(usbd_cdc.o)
 .text.USBD_CDC_GetHSCfgDesc
                0x000000002400badc       0x24 ../libDaisy//build/libdaisy.a(usbd_cdc.o)
 .text.USBD_CDC_GetOtherSpeedCfgDesc
                0x000000002400bb00       0x24 ../libDaisy//build/libdaisy.a(usbd_cdc.o)
 .text.USBD_CDC_GetDeviceQualifierDescriptor
                0x000000002400bb24       0x10 ../libDaisy//build/libdaisy.a(usbd_cdc.o)
                0x000000002400bb24                USBD_CDC_GetDeviceQualifierDescriptor
 .text.USBD_CDC_DataOut
                0x000000002400bb34       0x30 ../libDaisy//build/libdaisy.a(usbd_cdc.o)
 .text.USBD_CDC_DataIn
                0x000000002400bb64       0x50 ../libDaisy//build/libdaisy.a(usbd_cdc.o)
 .text.USBD_CDC_Setup
                0x000000002400bbb4       0xcc ../libDaisy//build/libdaisy.a(usbd_cdc.o)
 .text.USBD_CDC_DeInit
                0x000000002400bc80       0x44 ../libDaisy//build/libdaisy.a(usbd_cdc.o)
 .text.USBD_CDC_Init
                0x000000002400bcc4       0x94 ../libDaisy//build/libdaisy.a(usbd_cdc.o)
 .text.USBD_CDC_RegisterInterface
                0x000000002400bd58       0x10 ../libDaisy//build/libdaisy.a(usbd_cdc.o)
                0x000000002400bd58                USBD_CDC_RegisterInterface
 .text.USBD_CDC_SetTxBuffer
                0x000000002400bd68       0x14 ../libDaisy//build/libdaisy.a(usbd_cdc.o)
                0x000000002400bd68                USBD_CDC_SetTxBuffer
 .text.USBD_CDC_SetRxBuffer
                0x000000002400bd7c       0x10 ../libDaisy//build/libdaisy.a(usbd_cdc.o)
                0x000000002400bd7c                USBD_CDC_SetRxBuffer
 .text.USBD_CDC_TransmitPacket
                0x000000002400bd8c       0x34 ../libDaisy//build/libdaisy.a(usbd_cdc.o)
                0x000000002400bd8c                USBD_CDC_TransmitPacket
 .text.USBD_CDC_ReceivePacket
                0x000000002400bdc0       0x38 ../libDaisy//build/libdaisy.a(usbd_cdc.o)
                0x000000002400bdc0                USBD_CDC_ReceivePacket
 .text.USBD_Init
                0x000000002400bdf8       0x44 ../libDaisy//build/libdaisy.a(usbd_core.o)
                0x000000002400bdf8                USBD_Init
 .text.USBD_RegisterClass
                0x000000002400be3c       0x2c ../libDaisy//build/libdaisy.a(usbd_core.o)
                0x000000002400be3c                USBD_RegisterClass
 .text.USBD_Start
                0x000000002400be68        0xc ../libDaisy//build/libdaisy.a(usbd_core.o)
                0x000000002400be68                USBD_Start
 .text.USBD_SetClassConfig
                0x000000002400be74       0x14 ../libDaisy//build/libdaisy.a(usbd_core.o)
                0x000000002400be74                USBD_SetClassConfig
 .text.USBD_ClrClassConfig
                0x000000002400be88       0x10 ../libDaisy//build/libdaisy.a(usbd_core.o)
                0x000000002400be88                USBD_ClrClassConfig
 .text.USBD_LL_SetupStage
                0x000000002400be98       0x5c ../libDaisy//build/libdaisy.a(usbd_core.o)
                0x000000002400be98                USBD_LL_SetupStage
 .text.USBD_LL_DataOutStage
                0x000000002400bef4       0x7c ../libDaisy//build/libdaisy.a(usbd_core.o)
                0x000000002400bef4                USBD_LL_DataOutStage
 .text.USBD_LL_DataInStage
                0x000000002400bf70       0xcc ../libDaisy//build/libdaisy.a(usbd_core.o)
                0x000000002400bf70                USBD_LL_DataInStage
 .text.USBD_LL_Reset
                0x000000002400c03c       0x50 ../libDaisy//build/libdaisy.a(usbd_core.o)
                0x000000002400c03c                USBD_LL_Reset
 .text.USBD_LL_SetSpeed
                0x000000002400c08c        0x8 ../libDaisy//build/libdaisy.a(usbd_core.o)
                0x000000002400c08c                USBD_LL_SetSpeed
 .text.USBD_LL_Suspend
                0x000000002400c094       0x14 ../libDaisy//build/libdaisy.a(usbd_core.o)
                0x000000002400c094                USBD_LL_Suspend
 .text.USBD_LL_Resume
                0x000000002400c0a8       0x10 ../libDaisy//build/libdaisy.a(usbd_core.o)
                0x000000002400c0a8                USBD_LL_Resume
 .text.USBD_LL_SOF
                0x000000002400c0b8       0x1c ../libDaisy//build/libdaisy.a(usbd_core.o)
                0x000000002400c0b8                USBD_LL_SOF
 .text.USBD_LL_IsoINIncomplete
                0x000000002400c0d4        0x4 ../libDaisy//build/libdaisy.a(usbd_core.o)
                0x000000002400c0d4                USBD_LL_IsoINIncomplete
 .text.USBD_LL_IsoOUTIncomplete
                0x000000002400c0d8        0x4 ../libDaisy//build/libdaisy.a(usbd_core.o)
                0x000000002400c0d8                USBD_LL_IsoOUTIncomplete
 .text.USBD_LL_DevConnected
                0x000000002400c0dc        0x4 ../libDaisy//build/libdaisy.a(usbd_core.o)
                0x000000002400c0dc                USBD_LL_DevConnected
 .text.USBD_LL_DevDisconnected
                0x000000002400c0e0       0x18 ../libDaisy//build/libdaisy.a(usbd_core.o)
                0x000000002400c0e0                USBD_LL_DevDisconnected
 .text.USBD_StdDevReq
                0x000000002400c0f8      0x304 ../libDaisy//build/libdaisy.a(usbd_ctlreq.o)
                0x000000002400c0f8                USBD_StdDevReq
 .text.USBD_StdItfReq
                0x000000002400c3fc       0x68 ../libDaisy//build/libdaisy.a(usbd_ctlreq.o)
                0x000000002400c3fc                USBD_StdItfReq
 .text.USBD_StdEPReq
                0x000000002400c464      0x13c ../libDaisy//build/libdaisy.a(usbd_ctlreq.o)
                0x000000002400c464                USBD_StdEPReq
 .text.USBD_ParseSetupRequest
                0x000000002400c5a0       0x28 ../libDaisy//build/libdaisy.a(usbd_ctlreq.o)
                0x000000002400c5a0                USBD_ParseSetupRequest
 .text.USBD_CtlError
                0x000000002400c5c8       0x18 ../libDaisy//build/libdaisy.a(usbd_ctlreq.o)
                0x000000002400c5c8                USBD_CtlError
 .text.USBD_GetString
                0x000000002400c5e0       0x54 ../libDaisy//build/libdaisy.a(usbd_ctlreq.o)
                0x000000002400c5e0                USBD_GetString
 .text.USBD_CtlSendData
                0x000000002400c634       0x1c ../libDaisy//build/libdaisy.a(usbd_ioreq.o)
                0x000000002400c634                USBD_CtlSendData
 .text.USBD_CtlContinueSendData
                0x000000002400c650       0x14 ../libDaisy//build/libdaisy.a(usbd_ioreq.o)
                0x000000002400c650                USBD_CtlContinueSendData
 .text.USBD_CtlPrepareRx
                0x000000002400c664       0x1c ../libDaisy//build/libdaisy.a(usbd_ioreq.o)
                0x000000002400c664                USBD_CtlPrepareRx
 .text.USBD_CtlContinueRx
                0x000000002400c680       0x14 ../libDaisy//build/libdaisy.a(usbd_ioreq.o)
                0x000000002400c680                USBD_CtlContinueRx
 .text.USBD_CtlSendStatus
                0x000000002400c694       0x18 ../libDaisy//build/libdaisy.a(usbd_ioreq.o)
                0x000000002400c694                USBD_CtlSendStatus
 .text.USBD_CtlReceiveStatus
                0x000000002400c6ac       0x18 ../libDaisy//build/libdaisy.a(usbd_ioreq.o)
                0x000000002400c6ac                USBD_CtlReceiveStatus
 .text.USBH_LL_IncTimer
                0x000000002400c6c4       0x20 ../libDaisy//build/libdaisy.a(usbh_core.o)
                0x000000002400c6c4                USBH_LL_IncTimer
 .text.USBH_LL_PortEnabled
                0x000000002400c6e4        0x8 ../libDaisy//build/libdaisy.a(usbh_core.o)
                0x000000002400c6e4                USBH_LL_PortEnabled
 .text.USBH_LL_PortDisabled
                0x000000002400c6ec        0x8 ../libDaisy//build/libdaisy.a(usbh_core.o)
                0x000000002400c6ec                USBH_LL_PortDisabled
 .text.USBH_LL_Connect
                0x000000002400c6f4       0x18 ../libDaisy//build/libdaisy.a(usbh_core.o)
                0x000000002400c6f4                USBH_LL_Connect
 .text.USBH_LL_Disconnect
                0x000000002400c70c       0x2c ../libDaisy//build/libdaisy.a(usbh_core.o)
                0x000000002400c70c                USBH_LL_Disconnect
 .text.USBH_FreePipe
                0x000000002400c738       0x18 ../libDaisy//build/libdaisy.a(usbh_pipes.o)
                0x000000002400c738                USBH_FreePipe
 .text._ZN5daisy6Random4InitEv
                0x000000002400c750       0x3c ../libDaisy//build/libdaisy.a(rng.o)
                0x000000002400c750                daisy::Random::Init()
 .text._ZN5daisy9SpiHandle4Impl7InitDmaEv
                0x000000002400c78c       0xec ../libDaisy//build/libdaisy.a(spi.o)
                0x000000002400c78c                daisy::SpiHandle::Impl::InitDma()
 .text._ZN5daisy9SpiHandle4Impl10StartDmaTxEPhjPFvPvEPFvS3_NS0_6ResultEES3_
                0x000000002400c878       0xc8 ../libDaisy//build/libdaisy.a(spi.o)
                0x000000002400c878                daisy::SpiHandle::Impl::StartDmaTx(unsigned char*, unsigned int, void (*)(void*), void (*)(void*, daisy::SpiHandle::Result), void*)
 .text._ZN5daisy9SpiHandle4Impl10StartDmaRxEPhjPFvPvEPFvS3_NS0_6ResultEES3_
                0x000000002400c940       0xc8 ../libDaisy//build/libdaisy.a(spi.o)
                0x000000002400c940                daisy::SpiHandle::Impl::StartDmaRx(unsigned char*, unsigned int, void (*)(void*), void (*)(void*, daisy::SpiHandle::Result), void*)
 .text._ZN5daisy9SpiHandle4Impl12StartDmaRxTxEPhS2_jPFvPvEPFvS3_NS0_6ResultEES3_
                0x000000002400ca08       0xcc ../libDaisy//build/libdaisy.a(spi.o)
                0x000000002400ca08                daisy::SpiHandle::Impl::StartDmaRxTx(unsigned char*, unsigned char*, unsigned int, void (*)(void*), void (*)(void*, daisy::SpiHandle::Result), void*)
 .text._ZN5daisy9SpiHandle4Impl8InitPinsEv
                0x000000002400cad4      0x274 ../libDaisy//build/libdaisy.a(spi.o)
                0x000000002400cad4                daisy::SpiHandle::Impl::InitPins()
 .text.HAL_SPI_MspInit
                0x000000002400cd48      0x1a8 ../libDaisy//build/libdaisy.a(spi.o)
                0x000000002400cd48                HAL_SPI_MspInit
 .text.dsy_spi_global_init
                0x000000002400cef0       0x80 ../libDaisy//build/libdaisy.a(spi.o)
                0x000000002400cef0                dsy_spi_global_init
 .text.SPI1_IRQHandler
                0x000000002400cf70        0xc ../libDaisy//build/libdaisy.a(spi.o)
                0x000000002400cf70                SPI1_IRQHandler
 .text.SPI2_IRQHandler
                0x000000002400cf7c        0xc ../libDaisy//build/libdaisy.a(spi.o)
                0x000000002400cf7c                SPI2_IRQHandler
 .text.SPI3_IRQHandler
                0x000000002400cf88        0xc ../libDaisy//build/libdaisy.a(spi.o)
                0x000000002400cf88                SPI3_IRQHandler
 .text.SPI4_IRQHandler
                0x000000002400cf94        0xc ../libDaisy//build/libdaisy.a(spi.o)
                0x000000002400cf94                SPI4_IRQHandler
 .text.SPI5_IRQHandler
                0x000000002400cfa0        0xc ../libDaisy//build/libdaisy.a(spi.o)
                0x000000002400cfa0                SPI5_IRQHandler
 .text.DMA2_Stream2_IRQHandler
                0x000000002400cfac       0x34 ../libDaisy//build/libdaisy.a(spi.o)
                0x000000002400cfac                DMA2_Stream2_IRQHandler
 .text.DMA2_Stream3_IRQHandler
                0x000000002400cfe0       0x38 ../libDaisy//build/libdaisy.a(spi.o)
                0x000000002400cfe0                DMA2_Stream3_IRQHandler
 .text.HAL_SPI_TxCpltCallback
                0x000000002400d018       0xc4 ../libDaisy//build/libdaisy.a(spi.o)
                0x000000002400d018                HAL_SPI_TxCpltCallback
 .text.HAL_SPI_RxCpltCallback
                0x000000002400d0dc       0xc4 ../libDaisy//build/libdaisy.a(spi.o)
                0x000000002400d0dc                HAL_SPI_RxCpltCallback
 .text.HAL_SPI_TxRxCpltCallback
                0x000000002400d1a0       0xc4 ../libDaisy//build/libdaisy.a(spi.o)
                0x000000002400d1a0                HAL_SPI_TxRxCpltCallback
 .text.HAL_SPI_ErrorCallback
                0x000000002400d264       0xc8 ../libDaisy//build/libdaisy.a(spi.o)
                0x000000002400d264                HAL_SPI_ErrorCallback
 .text.startup._GLOBAL__sub_I__Z19MapInstanceToHandleP11SPI_TypeDef
                0x000000002400d32c      0x1b0 ../libDaisy//build/libdaisy.a(spi.o)
 .text.HAL_TIM_Base_MspInit
                0x000000002400d4dc      0x1e0 ../libDaisy//build/libdaisy.a(tim.o)
                0x000000002400d4dc                HAL_TIM_Base_MspInit
 .text.HAL_TIM_PeriodElapsedCallback
                0x000000002400d6bc       0x44 ../libDaisy//build/libdaisy.a(tim.o)
                0x000000002400d6bc                HAL_TIM_PeriodElapsedCallback
 .text.TIM2_IRQHandler
                0x000000002400d700        0xc ../libDaisy//build/libdaisy.a(tim.o)
                0x000000002400d700                TIM2_IRQHandler
 .text.TIM3_IRQHandler
                0x000000002400d70c        0xc ../libDaisy//build/libdaisy.a(tim.o)
                0x000000002400d70c                TIM3_IRQHandler
 .text.TIM4_IRQHandler
                0x000000002400d718        0xc ../libDaisy//build/libdaisy.a(tim.o)
                0x000000002400d718                TIM4_IRQHandler
 .text.TIM5_IRQHandler
                0x000000002400d724        0xc ../libDaisy//build/libdaisy.a(tim.o)
                0x000000002400d724                TIM5_IRQHandler
 .text._ZN5daisy11TimerHandle4InitERKNS0_6ConfigE
                0x000000002400d730       0xd0 ../libDaisy//build/libdaisy.a(tim.o)
                0x000000002400d730                daisy::TimerHandle::Init(daisy::TimerHandle::Config const&)
 .text._ZN5daisy11TimerHandle5StartEv
                0x000000002400d800       0x24 ../libDaisy//build/libdaisy.a(tim.o)
                0x000000002400d800                daisy::TimerHandle::Start()
 .text.startup._GLOBAL__sub_I__ZN5daisy11TimerHandle4Impl4InitERKNS0_6ConfigE
                0x000000002400d824       0x38 ../libDaisy//build/libdaisy.a(tim.o)
 .text._ZL20UART_CheckRxListenerPN5daisy11UartHandler4ImplE
                0x000000002400d85c       0x84 ../libDaisy//build/libdaisy.a(uart.o)
 .text._ZN5daisy11UartHandler4Impl10StartDmaTxEPhjPFvPvEPFvS3_NS0_6ResultEES3_
                0x000000002400d8e0      0x184 ../libDaisy//build/libdaisy.a(uart.o)
                0x000000002400d8e0                daisy::UartHandler::Impl::StartDmaTx(unsigned char*, unsigned int, void (*)(void*), void (*)(void*, daisy::UartHandler::Result), void*)
 .text._ZN5daisy11UartHandler4Impl10StartDmaRxEPhjPFvPvEPFvS3_NS0_6ResultEES3_
                0x000000002400da64      0x184 ../libDaisy//build/libdaisy.a(uart.o)
                0x000000002400da64                daisy::UartHandler::Impl::StartDmaRx(unsigned char*, unsigned int, void (*)(void*), void (*)(void*, daisy::UartHandler::Result), void*)
 .text._ZN5daisy11UartHandler4Impl19DmaTransferFinishedEP20__UART_HandleTypeDefNS0_6ResultE
                0x000000002400dbe8       0xc0 ../libDaisy//build/libdaisy.a(uart.o)
                0x000000002400dbe8                daisy::UartHandler::Impl::DmaTransferFinished(__UART_HandleTypeDef*, daisy::UartHandler::Result)
 .text._ZN5daisy11UartHandler4Impl8InitPinsEv
                0x000000002400dca8      0x154 ../libDaisy//build/libdaisy.a(uart.o)
                0x000000002400dca8                daisy::UartHandler::Impl::InitPins()
 .text.HAL_UART_MspInit
                0x000000002400ddfc      0x210 ../libDaisy//build/libdaisy.a(uart.o)
                0x000000002400ddfc                HAL_UART_MspInit
 .text.dsy_uart_global_init
                0x000000002400e00c       0xfc ../libDaisy//build/libdaisy.a(uart.o)
                0x000000002400e00c                dsy_uart_global_init
 .text.USART1_IRQHandler
                0x000000002400e108       0x2c ../libDaisy//build/libdaisy.a(uart.o)
                0x000000002400e108                USART1_IRQHandler
 .text.USART2_IRQHandler
                0x000000002400e134       0x34 ../libDaisy//build/libdaisy.a(uart.o)
                0x000000002400e134                USART2_IRQHandler
 .text.USART3_IRQHandler
                0x000000002400e168       0x34 ../libDaisy//build/libdaisy.a(uart.o)
                0x000000002400e168                USART3_IRQHandler
 .text.UART4_IRQHandler
                0x000000002400e19c       0x34 ../libDaisy//build/libdaisy.a(uart.o)
                0x000000002400e19c                UART4_IRQHandler
 .text.UART5_IRQHandler
                0x000000002400e1d0       0x34 ../libDaisy//build/libdaisy.a(uart.o)
                0x000000002400e1d0                UART5_IRQHandler
 .text.USART6_IRQHandler
                0x000000002400e204       0x34 ../libDaisy//build/libdaisy.a(uart.o)
                0x000000002400e204                USART6_IRQHandler
 .text.UART7_IRQHandler
                0x000000002400e238       0x34 ../libDaisy//build/libdaisy.a(uart.o)
                0x000000002400e238                UART7_IRQHandler
 .text.UART8_IRQHandler
                0x000000002400e26c       0x34 ../libDaisy//build/libdaisy.a(uart.o)
                0x000000002400e26c                UART8_IRQHandler
 .text.LPUART1_IRQHandler
                0x000000002400e2a0       0x34 ../libDaisy//build/libdaisy.a(uart.o)
                0x000000002400e2a0                LPUART1_IRQHandler
 .text.DMA1_Stream5_IRQHandler
                0x000000002400e2d4       0x34 ../libDaisy//build/libdaisy.a(uart.o)
                0x000000002400e2d4                DMA1_Stream5_IRQHandler
 .text.DMA2_Stream4_IRQHandler
                0x000000002400e308       0x38 ../libDaisy//build/libdaisy.a(uart.o)
                0x000000002400e308                DMA2_Stream4_IRQHandler
 .text.HAL_UART_TxCpltCallback
                0x000000002400e340        0x8 ../libDaisy//build/libdaisy.a(uart.o)
                0x000000002400e340                HAL_UART_TxCpltCallback
 .text.HAL_UART_RxCpltCallback
                0x000000002400e348       0x94 ../libDaisy//build/libdaisy.a(uart.o)
                0x000000002400e348                HAL_UART_RxCpltCallback
 .text.HAL_UART_RxHalfCpltCallback
                0x000000002400e3dc       0x90 ../libDaisy//build/libdaisy.a(uart.o)
                0x000000002400e3dc                HAL_UART_RxHalfCpltCallback
 .text.HAL_UART_ErrorCallback
                0x000000002400e46c        0x8 ../libDaisy//build/libdaisy.a(uart.o)
                0x000000002400e46c                HAL_UART_ErrorCallback
 .text.startup._GLOBAL__sub_I__Z19MapInstanceToHandleP13USART_TypeDef
                0x000000002400e474      0x194 ../libDaisy//build/libdaisy.a(uart.o)
 .text.dsy_dma_init
                0x000000002400e608      0x100 ../libDaisy//build/libdaisy.a(dma.o)
                0x000000002400e608                dsy_dma_init
 .text.dsy_dma_invalidate_cache_for_buffer
                0x000000002400e708       0x2c ../libDaisy//build/libdaisy.a(dma.o)
                0x000000002400e708                dsy_dma_invalidate_cache_for_buffer
 .text.HAL_MDMA_Abort_IT
                0x000000002400e734       0x2c ../libDaisy//build/libdaisy.a(stm32h7xx_hal_mdma.o)
                0x000000002400e734                HAL_MDMA_Abort_IT
 .text.SPI_CloseTransfer
                0x000000002400e760       0xb4 ../libDaisy//build/libdaisy.a(stm32h7xx_hal_spi.o)
 .text.HAL_SPI_Init
                0x000000002400e814      0x15c ../libDaisy//build/libdaisy.a(stm32h7xx_hal_spi.o)
                0x000000002400e814                HAL_SPI_Init
 .text.HAL_SPI_Transmit_DMA
                0x000000002400e970      0x15c ../libDaisy//build/libdaisy.a(stm32h7xx_hal_spi.o)
                0x000000002400e970                HAL_SPI_Transmit_DMA
 .text.HAL_SPI_TransmitReceive_DMA
                0x000000002400eacc      0x1f0 ../libDaisy//build/libdaisy.a(stm32h7xx_hal_spi.o)
                0x000000002400eacc                HAL_SPI_TransmitReceive_DMA
 .text.HAL_SPI_Receive_DMA
                0x000000002400ecbc      0x1a4 ../libDaisy//build/libdaisy.a(stm32h7xx_hal_spi.o)
                0x000000002400ecbc                HAL_SPI_Receive_DMA
 .text.SPI_DMATransmitCplt
                0x000000002400ee60       0x2c ../libDaisy//build/libdaisy.a(stm32h7xx_hal_spi.o)
 .text.SPI_DMAReceiveCplt
                0x000000002400ee8c       0x2c ../libDaisy//build/libdaisy.a(stm32h7xx_hal_spi.o)
 .text.SPI_DMATransmitReceiveCplt
                0x000000002400eeb8       0x2c ../libDaisy//build/libdaisy.a(stm32h7xx_hal_spi.o)
 .text.HAL_SPI_TxHalfCpltCallback
                0x000000002400eee4        0x4 ../libDaisy//build/libdaisy.a(stm32h7xx_hal_spi.o)
                0x000000002400eee4                HAL_SPI_TxHalfCpltCallback
 .text.SPI_DMAHalfTransmitCplt
                0x000000002400eee8        0xc ../libDaisy//build/libdaisy.a(stm32h7xx_hal_spi.o)
 .text.HAL_SPI_RxHalfCpltCallback
                0x000000002400eef4        0x4 ../libDaisy//build/libdaisy.a(stm32h7xx_hal_spi.o)
                0x000000002400eef4                HAL_SPI_RxHalfCpltCallback
 .text.SPI_DMAHalfReceiveCplt
                0x000000002400eef8        0xc ../libDaisy//build/libdaisy.a(stm32h7xx_hal_spi.o)
 .text.HAL_SPI_TxRxHalfCpltCallback
                0x000000002400ef04        0x4 ../libDaisy//build/libdaisy.a(stm32h7xx_hal_spi.o)
                0x000000002400ef04                HAL_SPI_TxRxHalfCpltCallback
 .text.SPI_DMAHalfTransmitReceiveCplt
                0x000000002400ef08        0xc ../libDaisy//build/libdaisy.a(stm32h7xx_hal_spi.o)
 .text.SPI_DMAError
                0x000000002400ef14       0xd4 ../libDaisy//build/libdaisy.a(stm32h7xx_hal_spi.o)
 .text.HAL_SPI_IRQHandler
                0x000000002400efe8      0x238 ../libDaisy//build/libdaisy.a(stm32h7xx_hal_spi.o)
                0x000000002400efe8                HAL_SPI_IRQHandler
 .text.SPI_DMAAbortOnError
                0x000000002400f220       0x18 ../libDaisy//build/libdaisy.a(stm32h7xx_hal_spi.o)
 .text.HAL_SPI_GetState
                0x000000002400f238        0x8 ../libDaisy//build/libdaisy.a(stm32h7xx_hal_spi.o)
                0x000000002400f238                HAL_SPI_GetState
 .text.HAL_TIM_Base_Init
                0x000000002400f240      0x140 ../libDaisy//build/libdaisy.a(stm32h7xx_hal_tim.o)
                0x000000002400f240                HAL_TIM_Base_Init
 .text.HAL_TIM_Base_Start
                0x000000002400f380       0x34 ../libDaisy//build/libdaisy.a(stm32h7xx_hal_tim.o)
                0x000000002400f380                HAL_TIM_Base_Start
 .text.HAL_TIM_Base_Start_IT
                0x000000002400f3b4       0x2c ../libDaisy//build/libdaisy.a(stm32h7xx_hal_tim.o)
                0x000000002400f3b4                HAL_TIM_Base_Start_IT
 .text.HAL_TIM_ConfigClockSource
                0x000000002400f3e0      0x17c ../libDaisy//build/libdaisy.a(stm32h7xx_hal_tim.o)
                0x000000002400f3e0                HAL_TIM_ConfigClockSource
 .text.HAL_TIM_OC_DelayElapsedCallback
                0x000000002400f55c        0x4 ../libDaisy//build/libdaisy.a(stm32h7xx_hal_tim.o)
                0x000000002400f55c                HAL_TIM_OC_DelayElapsedCallback
 .text.HAL_TIM_IC_CaptureCallback
                0x000000002400f560        0x4 ../libDaisy//build/libdaisy.a(stm32h7xx_hal_tim.o)
                0x000000002400f560                HAL_TIM_IC_CaptureCallback
 .text.HAL_TIM_PWM_PulseFinishedCallback
                0x000000002400f564        0x4 ../libDaisy//build/libdaisy.a(stm32h7xx_hal_tim.o)
                0x000000002400f564                HAL_TIM_PWM_PulseFinishedCallback
 .text.HAL_TIM_TriggerCallback
                0x000000002400f568        0x4 ../libDaisy//build/libdaisy.a(stm32h7xx_hal_tim.o)
                0x000000002400f568                HAL_TIM_TriggerCallback
 .text.HAL_TIM_IRQHandler
                0x000000002400f56c      0x170 ../libDaisy//build/libdaisy.a(stm32h7xx_hal_tim.o)
                0x000000002400f56c                HAL_TIM_IRQHandler
 .text.HAL_TIMEx_MasterConfigSynchronization
                0x000000002400f6dc       0x64 ../libDaisy//build/libdaisy.a(stm32h7xx_hal_tim_ex.o)
                0x000000002400f6dc                HAL_TIMEx_MasterConfigSynchronization
 .text.HAL_TIMEx_CommutCallback
                0x000000002400f740        0x4 ../libDaisy//build/libdaisy.a(stm32h7xx_hal_tim_ex.o)
                0x000000002400f740                HAL_TIMEx_CommutCallback
 .text.HAL_TIMEx_BreakCallback
                0x000000002400f744        0x4 ../libDaisy//build/libdaisy.a(stm32h7xx_hal_tim_ex.o)
                0x000000002400f744                HAL_TIMEx_BreakCallback
 .text.HAL_TIMEx_Break2Callback
                0x000000002400f748        0x4 ../libDaisy//build/libdaisy.a(stm32h7xx_hal_tim_ex.o)
                0x000000002400f748                HAL_TIMEx_Break2Callback
 .text.HAL_UART_Transmit_DMA
                0x000000002400f74c       0xa4 ../libDaisy//build/libdaisy.a(stm32h7xx_hal_uart.o)
                0x000000002400f74c                HAL_UART_Transmit_DMA
 .text.HAL_UART_Receive_DMA
                0x000000002400f7f0       0xac ../libDaisy//build/libdaisy.a(stm32h7xx_hal_uart.o)
                0x000000002400f7f0                HAL_UART_Receive_DMA
 .text.UART_DMATransmitCplt
                0x000000002400f89c       0x2c ../libDaisy//build/libdaisy.a(stm32h7xx_hal_uart.o)
 .text.HAL_UART_TxHalfCpltCallback
                0x000000002400f8c8        0x4 ../libDaisy//build/libdaisy.a(stm32h7xx_hal_uart.o)
                0x000000002400f8c8                HAL_UART_TxHalfCpltCallback
 .text.UART_DMATxHalfCplt
                0x000000002400f8cc        0xc ../libDaisy//build/libdaisy.a(stm32h7xx_hal_uart.o)
 .text.UART_DMAReceiveCplt
                0x000000002400f8d8       0x38 ../libDaisy//build/libdaisy.a(stm32h7xx_hal_uart.o)
 .text.UART_DMARxHalfCplt